[2024-04-01T15:30:20.766+0000][31][info][gc,init] CardTable entry size: 512
[2024-04-01T15:30:20.768+0000][31][info][gc     ] Using G1
[2024-04-01T15:30:20.791+0000][31][info][gc,init] Version: 22+36-2370 (release)
[2024-04-01T15:30:20.792+0000][31][info][gc,init] CPUs: 4 total, 4 available
[2024-04-01T15:30:20.792+0000][31][info][gc,init] Memory: 3917M
[2024-04-01T15:30:20.792+0000][31][info][gc,init] Large Page Support: Disabled
[2024-04-01T15:30:20.792+0000][31][info][gc,init] NUMA Support: Disabled
[2024-04-01T15:30:20.793+0000][31][info][gc,init] Compressed Oops: Enabled (32-bit)
[2024-04-01T15:30:20.793+0000][31][info][gc,init] Heap Region Size: 1M
[2024-04-01T15:30:20.793+0000][31][info][gc,init] Heap Min Capacity: 512M
[2024-04-01T15:30:20.793+0000][31][info][gc,init] Heap Initial Capacity: 512M
[2024-04-01T15:30:20.794+0000][31][info][gc,init] Heap Max Capacity: 512M
[2024-04-01T15:30:20.794+0000][31][info][gc,init] Pre-touch: Disabled
[2024-04-01T15:30:20.794+0000][31][info][gc,init] Parallel Workers: 4
[2024-04-01T15:30:20.794+0000][31][info][gc,init] Concurrent Workers: 1
[2024-04-01T15:30:20.796+0000][31][info][gc,init] Concurrent Refinement Workers: 4
[2024-04-01T15:30:20.796+0000][31][info][gc,init] Periodic GC: Disabled
[2024-04-01T15:30:20.835+0000][31][info][gc,metaspace] CDS archive(s) mapped at: [0x00007fce2e000000-0x00007fce2ec74000-0x00007fce2ec74000), size 13058048, SharedBaseAddress: 0x00007fce2e000000, ArchiveRelocationMode: 1.
[2024-04-01T15:30:20.836+0000][31][info][gc,metaspace] Compressed class space mapped at: 0x00007fce2f000000-0x00007fce6f000000, reserved size: 1073741824
[2024-04-01T15:30:20.836+0000][31][info][gc,metaspace] Narrow klass base: 0x00007fce2e000000, Narrow klass shift: 0, Narrow klass range: 0x100000000
[2024-04-01T15:30:20.999+0000][31][info][gc,heap,exit] Heap
[2024-04-01T15:30:21.001+0000][31][info][gc,heap,exit]  garbage-first heap   total reserved 524288K, committed 524288K, used 4129K [0x00000000e0000000, 0x0000000100000000)
[2024-04-01T15:30:21.002+0000][31][info][gc,heap,exit]   region size 1024K, 3 young (3072K), 0 survivors (0K)
[2024-04-01T15:30:21.002+0000][31][info][gc,heap,exit]  Metaspace       used 211K, committed 448K, reserved 1114112K
[2024-04-01T15:30:21.003+0000][31][info][gc,heap,exit]   class space    used 5K, committed 128K, reserved 1048576K
