[2024-04-01T15:18:04.788+0000][70][info][gc,init] CardTable entry size: 512
[2024-04-01T15:18:04.796+0000][70][info][gc     ] Using G1
[2024-04-01T15:18:11.103+0000][70][info][gc,init] Version: 22+36-2370 (release)
[2024-04-01T15:18:11.106+0000][70][info][gc,init] CPUs: 4 total, 4 available
[2024-04-01T15:18:11.109+0000][70][info][gc,init] Memory: 3917M
[2024-04-01T15:18:11.110+0000][70][info][gc,init] Large Page Support: Disabled
[2024-04-01T15:18:11.111+0000][70][info][gc,init] NUMA Support: Disabled
[2024-04-01T15:18:11.112+0000][70][info][gc,init] Compressed Oops: Enabled (32-bit)
[2024-04-01T15:18:11.113+0000][70][info][gc,init] Heap Region Size: 4M
[2024-04-01T15:18:11.113+0000][70][info][gc,init] Heap Min Capacity: 512M
[2024-04-01T15:18:11.114+0000][70][info][gc,init] Heap Initial Capacity: 512M
[2024-04-01T15:18:11.115+0000][70][info][gc,init] Heap Max Capacity: 512M
[2024-04-01T15:18:11.117+0000][70][info][gc,init] Pre-touch: Enabled
[2024-04-01T15:18:11.118+0000][70][info][gc,init] Parallel Workers: 4
[2024-04-01T15:18:11.119+0000][70][info][gc,init] Concurrent Workers: 1
[2024-04-01T15:18:11.120+0000][70][info][gc,init] Concurrent Refinement Workers: 4
[2024-04-01T15:18:11.122+0000][70][info][gc,init] Periodic GC: Disabled
[2024-04-01T15:18:11.652+0000][70][info][gc,metaspace] CDS archive(s) mapped at: [0x00007fcda2000000-0x00007fcda2c74000-0x00007fcda2c74000), size 13058048, SharedBaseAddress: 0x00007fcda2000000, ArchiveRelocationMode: 1.
[2024-04-01T15:18:11.656+0000][70][info][gc,metaspace] Compressed class space mapped at: 0x00007fcda3000000-0x00007fcde3000000, reserved size: 1073741824
[2024-04-01T15:18:11.657+0000][70][info][gc,metaspace] Narrow klass base: 0x00007fcda2000000, Narrow klass shift: 0, Narrow klass range: 0x100000000
[2024-04-01T15:18:13.417+0000][70][info][safepoint   ] Safepoint "Cleanup", Time since last: 1732897366 ns, Reaching safepoint: 23996 ns, Cleanup: 107354 ns, At safepoint: 20976 ns, Total: 152326 ns
[2024-04-01T15:18:14.406+0000][70][info][gc,start    ] GC(0) Pause Young (Normal) (G1 Evacuation Pause)
[2024-04-01T15:18:14.410+0000][70][info][gc,task     ] GC(0) Using 4 workers of 4 for evacuation
[2024-04-01T15:18:14.443+0000][70][debug][gc,age      ] GC(0) Desired survivor size 2097152 bytes, new threshold 15 (max threshold 15)
[2024-04-01T15:18:14.509+0000][70][info ][gc,phases   ] GC(0)   Pre Evacuate Collection Set: 11.04ms
[2024-04-01T15:18:14.530+0000][70][info ][gc,phases   ] GC(0)   Merge Heap Roots: 6.61ms
[2024-04-01T15:18:14.533+0000][70][info ][gc,phases   ] GC(0)   Evacuate Collection Set: 41.43ms
[2024-04-01T15:18:14.534+0000][70][info ][gc,phases   ] GC(0)   Post Evacuate Collection Set: 5.43ms
[2024-04-01T15:18:14.538+0000][70][info ][gc,phases   ] GC(0)   Other: 34.73ms
[2024-04-01T15:18:14.542+0000][70][trace][gc,age      ] GC(0) Age table with threshold 15 (max threshold 15)
[2024-04-01T15:18:14.545+0000][70][trace][gc,age      ] GC(0) - age   1:    2273184 bytes,    2273184 total
[2024-04-01T15:18:14.559+0000][70][info ][gc,heap     ] GC(0) Eden regions: 6->0(9)
[2024-04-01T15:18:14.564+0000][70][info ][gc,heap     ] GC(0) Survivor regions: 0->1(1)
[2024-04-01T15:18:14.564+0000][70][info ][gc,heap     ] GC(0) Old regions: 1->1
[2024-04-01T15:18:14.564+0000][70][info ][gc,heap     ] GC(0) Humongous regions: 0->0
[2024-04-01T15:18:14.565+0000][70][info ][gc,metaspace] GC(0) Metaspace: 1104K(1280K)->1104K(1280K) NonClass: 1021K(1088K)->1021K(1088K) Class: 83K(192K)->83K(192K)
[2024-04-01T15:18:14.565+0000][70][info ][gc          ] GC(0) Pause Young (Normal) (G1 Evacuation Pause) 25M->3M(512M) 159.495ms
[2024-04-01T15:18:14.566+0000][70][info ][gc,cpu      ] GC(0) User=0.09s Sys=0.05s Real=0.16s
[2024-04-01T15:18:14.566+0000][70][info ][safepoint   ] Safepoint "G1CollectForAllocation", Time since last: 925369276 ns, Reaching safepoint: 11197 ns, Cleanup: 25935 ns, At safepoint: 160529995 ns, Total: 160567127 ns
[2024-04-01T15:18:16.193+0000][70][info ][safepoint   ] Safepoint "ICBufferFull", Time since last: 1624711416 ns, Reaching safepoint: 1725967 ns, Cleanup: 305854 ns, At safepoint: 131470 ns, Total: 2163291 ns
[2024-04-01T15:18:17.266+0000][70][info ][safepoint   ] Safepoint "Cleanup", Time since last: 1073019410 ns, Reaching safepoint: 3339 ns, Cleanup: 148414 ns, At safepoint: 6909 ns, Total: 158662 ns
[2024-04-01T15:18:17.383+0000][70][info ][gc,start    ] GC(1) Pause Young (Normal) (G1 Evacuation Pause)
[2024-04-01T15:18:17.384+0000][70][info ][gc,task     ] GC(1) Using 4 workers of 4 for evacuation
[2024-04-01T15:18:17.384+0000][70][debug][gc,age      ] GC(1) Desired survivor size 4194304 bytes, new threshold 15 (max threshold 15)
[2024-04-01T15:18:17.402+0000][70][info ][gc,phases   ] GC(1)   Pre Evacuate Collection Set: 0.26ms
[2024-04-01T15:18:17.402+0000][70][info ][gc,phases   ] GC(1)   Merge Heap Roots: 0.06ms
[2024-04-01T15:18:17.402+0000][70][info ][gc,phases   ] GC(1)   Evacuate Collection Set: 15.21ms
[2024-04-01T15:18:17.403+0000][70][info ][gc,phases   ] GC(1)   Post Evacuate Collection Set: 1.51ms
[2024-04-01T15:18:17.403+0000][70][info ][gc,phases   ] GC(1)   Other: 1.01ms
[2024-04-01T15:18:17.403+0000][70][trace][gc,age      ] GC(1) Age table with threshold 15 (max threshold 15)
[2024-04-01T15:18:17.404+0000][70][trace][gc,age      ] GC(1) - age   1:    3391016 bytes,    3391016 total
[2024-04-01T15:18:17.404+0000][70][trace][gc,age      ] GC(1) - age   2:    2252280 bytes,    5643296 total
[2024-04-01T15:18:17.404+0000][70][info ][gc,heap     ] GC(1) Eden regions: 9->0(11)
[2024-04-01T15:18:17.405+0000][70][info ][gc,heap     ] GC(1) Survivor regions: 1->2(2)
[2024-04-01T15:18:17.405+0000][70][info ][gc,heap     ] GC(1) Old regions: 1->1
[2024-04-01T15:18:17.405+0000][70][info ][gc,heap     ] GC(1) Humongous regions: 0->0
[2024-04-01T15:18:17.406+0000][70][info ][gc,metaspace] GC(1) Metaspace: 9436K(9728K)->9436K(9728K) NonClass: 8272K(8448K)->8272K(8448K) Class: 1163K(1280K)->1163K(1280K)
[2024-04-01T15:18:17.406+0000][70][info ][gc          ] GC(1) Pause Young (Normal) (G1 Evacuation Pause) 39M->6M(512M) 23.036ms
[2024-04-01T15:18:17.406+0000][70][info ][gc,cpu      ] GC(1) User=0.04s Sys=0.00s Real=0.02s
[2024-04-01T15:18:17.407+0000][70][info ][safepoint   ] Safepoint "G1CollectForAllocation", Time since last: 116588084 ns, Reaching safepoint: 4739 ns, Cleanup: 31637 ns, At safepoint: 23986327 ns, Total: 24022703 ns
[2024-04-01T15:18:18.407+0000][70][info ][safepoint   ] Safepoint "Cleanup", Time since last: 1000011110 ns, Reaching safepoint: 3332 ns, Cleanup: 77149 ns, At safepoint: 4048 ns, Total: 84529 ns
[2024-04-01T15:18:19.518+0000][70][info ][safepoint   ] Safepoint "Cleanup", Time since last: 1110372889 ns, Reaching safepoint: 7759 ns, Cleanup: 25558 ns, At safepoint: 117556 ns, Total: 150873 ns
[2024-04-01T15:18:20.635+0000][70][info ][safepoint   ] Safepoint "Cleanup", Time since last: 1116935463 ns, Reaching safepoint: 3901 ns, Cleanup: 158202 ns, At safepoint: 51089 ns, Total: 213192 ns
[2024-04-01T15:18:22.404+0000][70][info ][safepoint   ] Safepoint "Cleanup", Time since last: 1571236295 ns, Reaching safepoint: 197699910 ns, Cleanup: 82804 ns, At safepoint: 66128 ns, Total: 197848842 ns
[2024-04-01T15:18:22.679+0000][70][info ][gc,start    ] GC(2) Pause Young (Normal) (G1 Evacuation Pause)
[2024-04-01T15:18:22.680+0000][70][info ][gc,task     ] GC(2) Using 4 workers of 4 for evacuation
[2024-04-01T15:18:22.682+0000][70][debug][gc,age      ] GC(2) Desired survivor size 4194304 bytes, new threshold 2 (max threshold 15)
[2024-04-01T15:18:22.737+0000][70][info ][gc,phases   ] GC(2)   Pre Evacuate Collection Set: 2.29ms
[2024-04-01T15:18:22.738+0000][70][info ][gc,phases   ] GC(2)   Merge Heap Roots: 0.05ms
[2024-04-01T15:18:22.738+0000][70][info ][gc,phases   ] GC(2)   Evacuate Collection Set: 35.86ms
[2024-04-01T15:18:22.740+0000][70][info ][gc,phases   ] GC(2)   Post Evacuate Collection Set: 12.49ms
[2024-04-01T15:18:22.741+0000][70][info ][gc,phases   ] GC(2)   Other: 5.91ms
[2024-04-01T15:18:22.742+0000][70][trace][gc,age      ] GC(2) Age table with threshold 2 (max threshold 15)
[2024-04-01T15:18:22.744+0000][70][trace][gc,age      ] GC(2) - age   1:    3470840 bytes,    3470840 total
[2024-04-01T15:18:22.745+0000][70][trace][gc,age      ] GC(2) - age   2:    3247552 bytes,    6718392 total
[2024-04-01T15:18:22.747+0000][70][info ][gc,heap     ] GC(2) Eden regions: 11->0(16)
[2024-04-01T15:18:22.748+0000][70][info ][gc,heap     ] GC(2) Survivor regions: 2->2(2)
[2024-04-01T15:18:22.749+0000][70][info ][gc,heap     ] GC(2) Old regions: 1->2
[2024-04-01T15:18:22.753+0000][70][info ][gc,heap     ] GC(2) Humongous regions: 0->0
[2024-04-01T15:18:22.753+0000][70][info ][gc,metaspace] GC(2) Metaspace: 19863K(20416K)->19863K(20416K) NonClass: 17578K(17856K)->17578K(17856K) Class: 2284K(2560K)->2284K(2560K)
[2024-04-01T15:18:22.754+0000][70][info ][gc          ] GC(2) Pause Young (Normal) (G1 Evacuation Pause) 50M->10M(512M) 74.867ms
[2024-04-01T15:18:22.754+0000][70][info ][gc,cpu      ] GC(2) User=0.10s Sys=0.00s Real=0.08s
[2024-04-01T15:18:22.756+0000][70][info ][safepoint   ] Safepoint "G1CollectForAllocation", Time since last: 270175876 ns, Reaching safepoint: 5067449 ns, Cleanup: 22630 ns, At safepoint: 76868172 ns, Total: 81958251 ns
[2024-04-01T15:18:23.791+0000][70][info ][safepoint   ] Safepoint "Cleanup", Time since last: 1020308828 ns, Reaching safepoint: 1145043 ns, Cleanup: 40735 ns, At safepoint: 13081019 ns, Total: 14266797 ns
[2024-04-01T15:18:25.005+0000][70][info ][safepoint   ] Safepoint "Cleanup", Time since last: 1206262688 ns, Reaching safepoint: 1953811 ns, Cleanup: 118460 ns, At safepoint: 6252204 ns, Total: 8324475 ns
[2024-04-01T15:18:25.189+0000][70][info ][gc,start    ] GC(3) Pause Young (Concurrent Start) (Metadata GC Threshold)
[2024-04-01T15:18:25.190+0000][70][info ][gc,task     ] GC(3) Using 4 workers of 4 for evacuation
[2024-04-01T15:18:25.190+0000][70][debug][gc,age      ] GC(3) Desired survivor size 6291456 bytes, new threshold 2 (max threshold 15)
[2024-04-01T15:18:25.215+0000][70][info ][gc,phases   ] GC(3)   Pre Evacuate Collection Set: 0.25ms
[2024-04-01T15:18:25.216+0000][70][info ][gc,phases   ] GC(3)   Merge Heap Roots: 0.09ms
[2024-04-01T15:18:25.216+0000][70][info ][gc,phases   ] GC(3)   Evacuate Collection Set: 21.73ms
[2024-04-01T15:18:25.217+0000][70][info ][gc,phases   ] GC(3)   Post Evacuate Collection Set: 1.85ms
[2024-04-01T15:18:25.218+0000][70][info ][gc,phases   ] GC(3)   Other: 1.16ms
[2024-04-01T15:18:25.218+0000][70][trace][gc,age      ] GC(3) Age table with threshold 2 (max threshold 15)
[2024-04-01T15:18:25.219+0000][70][trace][gc,age      ] GC(3) - age   1:    1286808 bytes,    1286808 total
[2024-04-01T15:18:25.219+0000][70][trace][gc,age      ] GC(3) - age   2:    2578920 bytes,    3865728 total
[2024-04-01T15:18:25.221+0000][70][info ][gc,heap     ] GC(3) Eden regions: 16->0(75)
[2024-04-01T15:18:25.222+0000][70][info ][gc,heap     ] GC(3) Survivor regions: 2->1(3)
[2024-04-01T15:18:25.223+0000][70][info ][gc,heap     ] GC(3) Old regions: 2->3
[2024-04-01T15:18:25.224+0000][70][info ][gc,heap     ] GC(3) Humongous regions: 0->0
[2024-04-01T15:18:25.227+0000][70][info ][gc,metaspace] GC(3) Metaspace: 21001K(21504K)->21001K(21504K) NonClass: 18619K(18880K)->18619K(18880K) Class: 2381K(2624K)->2381K(2624K)
[2024-04-01T15:18:25.227+0000][70][info ][gc          ] GC(3) Pause Young (Concurrent Start) (Metadata GC Threshold) 70M->10M(512M) 38.456ms
[2024-04-01T15:18:25.228+0000][70][info ][gc,cpu      ] GC(3) User=0.09s Sys=0.00s Real=0.04s
[2024-04-01T15:18:25.229+0000][70][info ][gc          ] GC(4) Concurrent Mark Cycle
[2024-04-01T15:18:25.236+0000][70][info ][gc,marking  ] GC(4) Concurrent Scan Root Regions
[2024-04-01T15:18:25.231+0000][70][info ][safepoint   ] Safepoint "CollectForMetadataAllocation", Time since last: 183582635 ns, Reaching safepoint: 8323 ns, Cleanup: 38934 ns, At safepoint: 42505172 ns, Total: 42552429 ns
[2024-04-01T15:18:25.258+0000][70][info ][gc,marking  ] GC(4) Concurrent Scan Root Regions 22.333ms
[2024-04-01T15:18:25.258+0000][70][info ][gc,marking  ] GC(4) Concurrent Mark
[2024-04-01T15:18:25.259+0000][70][info ][gc,marking  ] GC(4) Concurrent Mark From Roots
[2024-04-01T15:18:25.259+0000][70][info ][gc,task     ] GC(4) Using 1 workers of 1 for marking
[2024-04-01T15:18:25.268+0000][70][info ][gc,marking  ] GC(4) Concurrent Mark From Roots 9.313ms
[2024-04-01T15:18:25.269+0000][70][info ][gc,marking  ] GC(4) Concurrent Preclean
[2024-04-01T15:18:25.269+0000][70][info ][gc,marking  ] GC(4) Concurrent Preclean 0.362ms
[2024-04-01T15:18:25.270+0000][70][info ][gc,start    ] GC(4) Pause Remark
[2024-04-01T15:18:25.281+0000][70][info ][gc          ] GC(4) Pause Remark 12M->12M(512M) 11.341ms
[2024-04-01T15:18:25.282+0000][70][info ][gc,cpu      ] GC(4) User=0.03s Sys=0.00s Real=0.02s
[2024-04-01T15:18:25.282+0000][70][info ][safepoint   ] Safepoint "G1PauseRemark", Time since last: 38319371 ns, Reaching safepoint: 5934 ns, Cleanup: 10908 ns, At safepoint: 12847993 ns, Total: 12864835 ns
[2024-04-01T15:18:25.294+0000][70][info ][gc,marking  ] GC(4) Concurrent Mark 35.162ms
[2024-04-01T15:18:25.295+0000][70][info ][gc,marking  ] GC(4) Concurrent Rebuild Remembered Sets and Scrub Regions
[2024-04-01T15:18:25.309+0000][70][info ][gc,marking  ] GC(4) Concurrent Rebuild Remembered Sets and Scrub Regions 13.814ms
[2024-04-01T15:18:25.315+0000][70][info ][gc,start    ] GC(4) Pause Cleanup
[2024-04-01T15:18:25.315+0000][70][info ][gc          ] GC(4) Pause Cleanup 13M->13M(512M) 0.712ms
[2024-04-01T15:18:25.316+0000][70][info ][gc,cpu      ] GC(4) User=0.00s Sys=0.00s Real=0.00s
[2024-04-01T15:18:25.316+0000][70][info ][safepoint   ] Safepoint "G1PauseCleanup", Time since last: 30381740 ns, Reaching safepoint: 1744736 ns, Cleanup: 16233 ns, At safepoint: 1723375 ns, Total: 3484344 ns
[2024-04-01T15:18:25.317+0000][70][info ][gc,marking  ] GC(4) Concurrent Clear Claimed Marks
[2024-04-01T15:18:25.317+0000][70][info ][gc,marking  ] GC(4) Concurrent Clear Claimed Marks 0.468ms
[2024-04-01T15:18:25.318+0000][70][info ][gc,marking  ] GC(4) Concurrent Cleanup for Next Mark
[2024-04-01T15:18:25.321+0000][70][info ][gc,marking  ] GC(4) Concurrent Cleanup for Next Mark 3.574ms
[2024-04-01T15:18:25.322+0000][70][info ][gc          ] GC(4) Concurrent Mark Cycle 93.053ms
[2024-04-01T15:18:26.711+0000][70][info ][safepoint   ] Safepoint "Cleanup", Time since last: 1393394782 ns, Reaching safepoint: 984843 ns, Cleanup: 137303 ns, At safepoint: 13754 ns, Total: 1135900 ns
[2024-04-01T15:18:27.678+0000][70][info ][safepoint   ] Safepoint "ICBufferFull", Time since last: 967416817 ns, Reaching safepoint: 6376 ns, Cleanup: 154173 ns, At safepoint: 85750 ns, Total: 246299 ns
[2024-04-01T15:18:28.532+0000][70][info ][gc,start    ] GC(5) Pause Young (Prepare Mixed) (G1 Evacuation Pause)
[2024-04-01T15:18:28.534+0000][70][info ][gc,task     ] GC(5) Using 4 workers of 4 for evacuation
[2024-04-01T15:18:28.538+0000][70][debug][gc,age      ] GC(5) Desired survivor size 20971520 bytes, new threshold 15 (max threshold 15)
[2024-04-01T15:18:28.607+0000][70][info ][gc,phases   ] GC(5)   Pre Evacuate Collection Set: 2.22ms
[2024-04-01T15:18:28.607+0000][70][info ][gc,phases   ] GC(5)   Merge Heap Roots: 0.17ms
[2024-04-01T15:18:28.608+0000][70][info ][gc,phases   ] GC(5)   Evacuate Collection Set: 61.13ms
[2024-04-01T15:18:28.609+0000][70][info ][gc,phases   ] GC(5)   Post Evacuate Collection Set: 2.44ms
[2024-04-01T15:18:28.612+0000][70][info ][gc,phases   ] GC(5)   Other: 6.64ms
[2024-04-01T15:18:28.613+0000][70][trace][gc,age      ] GC(5) Age table with threshold 15 (max threshold 15)
[2024-04-01T15:18:28.613+0000][70][trace][gc,age      ] GC(5) - age   1:    8710664 bytes,    8710664 total
[2024-04-01T15:18:28.614+0000][70][trace][gc,age      ] GC(5) - age   2:    1249568 bytes,    9960232 total
[2024-04-01T15:18:28.614+0000][70][trace][gc,age      ] GC(5) - age   3:    2567576 bytes,   12527808 total
[2024-04-01T15:18:28.615+0000][70][info ][gc,heap     ] GC(5) Eden regions: 75->0(61)
[2024-04-01T15:18:28.615+0000][70][info ][gc,heap     ] GC(5) Survivor regions: 1->4(10)
[2024-04-01T15:18:28.616+0000][70][info ][gc,heap     ] GC(5) Old regions: 3->3
[2024-04-01T15:18:28.616+0000][70][info ][gc,heap     ] GC(5) Humongous regions: 0->0
[2024-04-01T15:18:28.617+0000][70][info ][gc,metaspace] GC(5) Metaspace: 29005K(29696K)->29005K(29696K) NonClass: 25617K(26048K)->25617K(26048K) Class: 3387K(3648K)->3387K(3648K)
[2024-04-01T15:18:28.618+0000][70][info ][gc          ] GC(5) Pause Young (Prepare Mixed) (G1 Evacuation Pause) 310M->19M(512M) 85.588ms
[2024-04-01T15:18:28.618+0000][70][info ][gc,cpu      ] GC(5) User=0.18s Sys=0.00s Real=0.08s
[2024-04-01T15:18:28.619+0000][70][info ][safepoint   ] Safepoint "G1CollectForAllocation", Time since last: 853199549 ns, Reaching safepoint: 210309 ns, Cleanup: 82103 ns, At safepoint: 86904856 ns, Total: 87197268 ns
[2024-04-01T15:18:29.621+0000][70][info ][safepoint   ] Safepoint "Cleanup", Time since last: 1000741671 ns, Reaching safepoint: 1142564 ns, Cleanup: 86950 ns, At safepoint: 14615 ns, Total: 1244129 ns
[2024-04-01T15:18:29.948+0000][70][info ][gc,start    ] GC(6) Pause Young (Mixed) (G1 Evacuation Pause)
[2024-04-01T15:18:29.951+0000][70][info ][gc,task     ] GC(6) Using 4 workers of 4 for evacuation
[2024-04-01T15:18:29.952+0000][70][debug][gc,age      ] GC(6) Desired survivor size 18874368 bytes, new threshold 15 (max threshold 15)
[2024-04-01T15:18:29.999+0000][70][info ][gc,phases   ] GC(6)   Pre Evacuate Collection Set: 0.16ms
[2024-04-01T15:18:30.005+0000][70][info ][gc,phases   ] GC(6)   Merge Heap Roots: 0.07ms
[2024-04-01T15:18:30.006+0000][70][info ][gc,phases   ] GC(6)   Evacuate Collection Set: 35.32ms
[2024-04-01T15:18:30.006+0000][70][info ][gc,phases   ] GC(6)   Post Evacuate Collection Set: 6.59ms
[2024-04-01T15:18:30.007+0000][70][info ][gc,phases   ] GC(6)   Other: 5.16ms
[2024-04-01T15:18:30.007+0000][70][trace][gc,age      ] GC(6) Age table with threshold 15 (max threshold 15)
[2024-04-01T15:18:30.008+0000][70][trace][gc,age      ] GC(6) - age   1:    3400392 bytes,    3400392 total
[2024-04-01T15:18:30.008+0000][70][trace][gc,age      ] GC(6) - age   2:    8134296 bytes,   11534688 total
[2024-04-01T15:18:30.019+0000][70][trace][gc,age      ] GC(6) - age   3:    1249472 bytes,   12784160 total
[2024-04-01T15:18:30.019+0000][70][trace][gc,age      ] GC(6) - age   4:    2567576 bytes,   15351736 total
[2024-04-01T15:18:30.020+0000][70][info ][gc,heap     ] GC(6) Eden regions: 61->0(40)
[2024-04-01T15:18:30.020+0000][70][info ][gc,heap     ] GC(6) Survivor regions: 4->4(9)
[2024-04-01T15:18:30.021+0000][70][info ][gc,heap     ] GC(6) Old regions: 3->2
[2024-04-01T15:18:30.021+0000][70][info ][gc,heap     ] GC(6) Humongous regions: 0->0
[2024-04-01T15:18:30.021+0000][70][info ][gc,metaspace] GC(6) Metaspace: 29651K(30336K)->29651K(30336K) NonClass: 26195K(26624K)->26195K(26624K) Class: 3456K(3712K)->3456K(3712K)
[2024-04-01T15:18:30.022+0000][70][info ][gc          ] GC(6) Pause Young (Mixed) (G1 Evacuation Pause) 263M->22M(512M) 73.783ms
[2024-04-01T15:18:30.022+0000][70][info ][gc,cpu      ] GC(6) User=0.12s Sys=0.00s Real=0.08s
[2024-04-01T15:18:30.023+0000][70][info ][safepoint   ] Safepoint "G1CollectForAllocation", Time since last: 327099880 ns, Reaching safepoint: 6546 ns, Cleanup: 86234 ns, At safepoint: 74621920 ns, Total: 74714700 ns
[2024-04-01T15:18:30.522+0000][70][info ][gc,start    ] GC(7) Pause Young (Normal) (G1 Evacuation Pause)
[2024-04-01T15:18:30.522+0000][70][info ][gc,task     ] GC(7) Using 4 workers of 4 for evacuation
[2024-04-01T15:18:30.522+0000][70][debug][gc,age      ] GC(7) Desired survivor size 12582912 bytes, new threshold 3 (max threshold 15)
[2024-04-01T15:18:30.541+0000][70][info ][gc,phases   ] GC(7)   Pre Evacuate Collection Set: 0.30ms
[2024-04-01T15:18:30.542+0000][70][info ][gc,phases   ] GC(7)   Merge Heap Roots: 0.15ms
[2024-04-01T15:18:30.542+0000][70][info ][gc,phases   ] GC(7)   Evacuate Collection Set: 16.99ms
[2024-04-01T15:18:30.542+0000][70][info ][gc,phases   ] GC(7)   Post Evacuate Collection Set: 0.85ms
[2024-04-01T15:18:30.542+0000][70][info ][gc,phases   ] GC(7)   Other: 0.64ms
[2024-04-01T15:18:30.543+0000][70][trace][gc,age      ] GC(7) Age table with threshold 3 (max threshold 15)
[2024-04-01T15:18:30.543+0000][70][trace][gc,age      ] GC(7) - age   1:    1609480 bytes,    1609480 total
[2024-04-01T15:18:30.544+0000][70][trace][gc,age      ] GC(7) - age   2:    2737824 bytes,    4347304 total
[2024-04-01T15:18:30.544+0000][70][trace][gc,age      ] GC(7) - age   3:    8134264 bytes,   12481568 total
[2024-04-01T15:18:30.544+0000][70][info ][gc,heap     ] GC(7) Eden regions: 40->0(72)
[2024-04-01T15:18:30.545+0000][70][info ][gc,heap     ] GC(7) Survivor regions: 4->4(6)
[2024-04-01T15:18:30.545+0000][70][info ][gc,heap     ] GC(7) Old regions: 2->3
[2024-04-01T15:18:30.545+0000][70][info ][gc,heap     ] GC(7) Humongous regions: 0->0
[2024-04-01T15:18:30.546+0000][70][info ][gc,metaspace] GC(7) Metaspace: 29906K(30656K)->29906K(30656K) NonClass: 26407K(26880K)->26407K(26880K) Class: 3499K(3776K)->3499K(3776K)
[2024-04-01T15:18:30.546+0000][70][info ][gc          ] GC(7) Pause Young (Normal) (G1 Evacuation Pause) 182M->24M(512M) 24.347ms
[2024-04-01T15:18:30.546+0000][70][info ][gc,cpu      ] GC(7) User=0.05s Sys=0.00s Real=0.02s
[2024-04-01T15:18:30.547+0000][70][info ][safepoint   ] Safepoint "G1CollectForAllocation", Time since last: 499026736 ns, Reaching safepoint: 4326 ns, Cleanup: 25489 ns, At safepoint: 25086960 ns, Total: 25116775 ns
[2024-04-01T15:18:31.851+0000][70][info ][gc,start    ] GC(8) Pause Young (Concurrent Start) (Metadata GC Threshold)
[2024-04-01T15:18:31.851+0000][70][info ][gc,task     ] GC(8) Using 4 workers of 4 for evacuation
[2024-04-01T15:18:31.852+0000][70][debug][gc,age      ] GC(8) Desired survivor size 20971520 bytes, new threshold 15 (max threshold 15)
[2024-04-01T15:18:31.866+0000][70][info ][gc,phases   ] GC(8)   Pre Evacuate Collection Set: 0.32ms
[2024-04-01T15:18:31.867+0000][70][info ][gc,phases   ] GC(8)   Merge Heap Roots: 0.07ms
[2024-04-01T15:18:31.867+0000][70][info ][gc,phases   ] GC(8)   Evacuate Collection Set: 12.36ms
[2024-04-01T15:18:31.867+0000][70][info ][gc,phases   ] GC(8)   Post Evacuate Collection Set: 1.09ms
[2024-04-01T15:18:31.867+0000][70][info ][gc,phases   ] GC(8)   Other: 1.01ms
[2024-04-01T15:18:31.868+0000][70][trace][gc,age      ] GC(8) Age table with threshold 15 (max threshold 15)
[2024-04-01T15:18:31.868+0000][70][trace][gc,age      ] GC(8) - age   1:    3890360 bytes,    3890360 total
[2024-04-01T15:18:31.868+0000][70][trace][gc,age      ] GC(8) - age   2:     529872 bytes,    4420232 total
[2024-04-01T15:18:31.869+0000][70][trace][gc,age      ] GC(8) - age   3:    2737792 bytes,    7158024 total
[2024-04-01T15:18:31.869+0000][70][trace][gc,age      ] GC(8) - age   4:    8129048 bytes,   15287072 total
[2024-04-01T15:18:31.869+0000][70][info ][gc,heap     ] GC(8) Eden regions: 35->0(72)
[2024-04-01T15:18:31.869+0000][70][info ][gc,heap     ] GC(8) Survivor regions: 4->4(10)
[2024-04-01T15:18:31.870+0000][70][info ][gc,heap     ] GC(8) Old regions: 3->3
[2024-04-01T15:18:31.871+0000][70][info ][gc,heap     ] GC(8) Humongous regions: 0->0
[2024-04-01T15:18:31.871+0000][70][info ][gc,metaspace] GC(8) Metaspace: 35377K(36096K)->35377K(36096K) NonClass: 31267K(31680K)->31267K(31680K) Class: 4109K(4416K)->4109K(4416K)
[2024-04-01T15:18:31.871+0000][70][info ][gc          ] GC(8) Pause Young (Concurrent Start) (Metadata GC Threshold) 162M->26M(512M) 20.253ms
[2024-04-01T15:18:31.872+0000][70][info ][gc,cpu      ] GC(8) User=0.04s Sys=0.00s Real=0.02s
[2024-04-01T15:18:31.872+0000][70][info ][gc          ] GC(9) Concurrent Mark Cycle
[2024-04-01T15:18:31.875+0000][70][info ][gc,marking  ] GC(9) Concurrent Scan Root Regions
[2024-04-01T15:18:31.876+0000][70][info ][safepoint   ] Safepoint "CollectForMetadataAllocation", Time since last: 1304078975 ns, Reaching safepoint: 3326 ns, Cleanup: 88465 ns, At safepoint: 25295325 ns, Total: 25387116 ns
[2024-04-01T15:18:31.894+0000][70][info ][gc,marking  ] GC(9) Concurrent Scan Root Regions 19.068ms
[2024-04-01T15:18:31.896+0000][70][info ][gc,marking  ] GC(9) Concurrent Mark
[2024-04-01T15:18:31.899+0000][70][info ][gc,marking  ] GC(9) Concurrent Mark From Roots
[2024-04-01T15:18:31.900+0000][70][info ][gc,task     ] GC(9) Using 1 workers of 1 for marking
[2024-04-01T15:18:31.938+0000][70][info ][gc,marking  ] GC(9) Concurrent Mark From Roots 38.419ms
[2024-04-01T15:18:31.940+0000][70][info ][gc,marking  ] GC(9) Concurrent Preclean
[2024-04-01T15:18:31.941+0000][70][info ][gc,marking  ] GC(9) Concurrent Preclean 0.616ms
[2024-04-01T15:18:31.944+0000][70][info ][gc,start    ] GC(9) Pause Remark
[2024-04-01T15:18:31.989+0000][70][info ][gc          ] GC(9) Pause Remark 46M->46M(512M) 45.339ms
[2024-04-01T15:18:32.001+0000][70][info ][gc,cpu      ] GC(9) User=0.07s Sys=0.00s Real=0.06s
[2024-04-01T15:18:32.002+0000][70][info ][safepoint   ] Safepoint "G1PauseRemark", Time since last: 65452155 ns, Reaching safepoint: 2069868 ns, Cleanup: 15148 ns, At safepoint: 58177667 ns, Total: 60262683 ns
[2024-04-01T15:18:32.005+0000][70][info ][gc,marking  ] GC(9) Concurrent Mark 109.293ms
[2024-04-01T15:18:32.009+0000][70][info ][gc,marking  ] GC(9) Concurrent Rebuild Remembered Sets and Scrub Regions
[2024-04-01T15:18:32.082+0000][70][info ][gc,marking  ] GC(9) Concurrent Rebuild Remembered Sets and Scrub Regions 73.060ms
[2024-04-01T15:18:32.085+0000][70][info ][gc,start    ] GC(9) Pause Cleanup
[2024-04-01T15:18:32.088+0000][70][info ][gc          ] GC(9) Pause Cleanup 52M->52M(512M) 2.998ms
[2024-04-01T15:18:32.089+0000][70][info ][gc,cpu      ] GC(9) User=0.00s Sys=0.00s Real=0.00s
[2024-04-01T15:18:32.110+0000][70][info ][safepoint   ] Safepoint "G1PauseCleanup", Time since last: 81891832 ns, Reaching safepoint: 1072679 ns, Cleanup: 20255 ns, At safepoint: 23025295 ns, Total: 24118229 ns
[2024-04-01T15:18:32.116+0000][70][info ][gc,marking  ] GC(9) Concurrent Clear Claimed Marks
[2024-04-01T15:18:32.135+0000][70][info ][gc,marking  ] GC(9) Concurrent Clear Claimed Marks 19.182ms
[2024-04-01T15:18:32.149+0000][70][info ][gc,marking  ] GC(9) Concurrent Cleanup for Next Mark
[2024-04-01T15:18:32.156+0000][70][info ][gc,marking  ] GC(9) Concurrent Cleanup for Next Mark 7.165ms
[2024-04-01T15:18:32.156+0000][70][info ][gc          ] GC(9) Concurrent Mark Cycle 284.097ms
[2024-04-01T15:18:33.119+0000][70][info ][safepoint   ] Safepoint "Cleanup", Time since last: 1010032514 ns, Reaching safepoint: 735090 ns, Cleanup: 32339 ns, At safepoint: 62809 ns, Total: 830238 ns
[2024-04-01T15:18:34.125+0000][70][info ][safepoint   ] Safepoint "Cleanup", Time since last: 1004741339 ns, Reaching safepoint: 983350 ns, Cleanup: 62400 ns, At safepoint: 11327 ns, Total: 1057077 ns
[2024-04-01T15:18:34.360+0000][70][info ][gc,start    ] GC(10) Pause Young (Normal) (G1 Evacuation Pause)
[2024-04-01T15:18:34.361+0000][70][info ][gc,task     ] GC(10) Using 4 workers of 4 for evacuation
[2024-04-01T15:18:34.361+0000][70][debug][gc,age      ] GC(10) Desired survivor size 20971520 bytes, new threshold 15 (max threshold 15)
[2024-04-01T15:18:34.398+0000][70][info ][gc,phases   ] GC(10)   Pre Evacuate Collection Set: 0.20ms
[2024-04-01T15:18:34.398+0000][70][info ][gc,phases   ] GC(10)   Merge Heap Roots: 0.17ms
[2024-04-01T15:18:34.399+0000][70][info ][gc,phases   ] GC(10)   Evacuate Collection Set: 33.89ms
[2024-04-01T15:18:34.399+0000][70][info ][gc,phases   ] GC(10)   Post Evacuate Collection Set: 2.08ms
[2024-04-01T15:18:34.400+0000][70][info ][gc,phases   ] GC(10)   Other: 0.63ms
[2024-04-01T15:18:34.400+0000][70][trace][gc,age      ] GC(10) Age table with threshold 15 (max threshold 15)
[2024-04-01T15:18:34.400+0000][70][trace][gc,age      ] GC(10) - age   1:    4688344 bytes,    4688344 total
[2024-04-01T15:18:34.400+0000][70][trace][gc,age      ] GC(10) - age   2:    3845208 bytes,    8533552 total
[2024-04-01T15:18:34.401+0000][70][trace][gc,age      ] GC(10) - age   3:     529840 bytes,    9063392 total
[2024-04-01T15:18:34.401+0000][70][trace][gc,age      ] GC(10) - age   4:    2735544 bytes,   11798936 total
[2024-04-01T15:18:34.401+0000][70][trace][gc,age      ] GC(10) - age   5:    8122080 bytes,   19921016 total
[2024-04-01T15:18:34.402+0000][70][info ][gc,heap     ] GC(10) Eden regions: 72->0(70)
[2024-04-01T15:18:34.404+0000][70][info ][gc,heap     ] GC(10) Survivor regions: 4->6(10)
[2024-04-01T15:18:34.405+0000][70][info ][gc,heap     ] GC(10) Old regions: 3->3
[2024-04-01T15:18:34.405+0000][70][info ][gc,heap     ] GC(10) Humongous regions: 0->0
[2024-04-01T15:18:34.405+0000][70][info ][gc,metaspace] GC(10) Metaspace: 36801K(37696K)->36801K(37696K) NonClass: 32497K(33024K)->32497K(33024K) Class: 4303K(4672K)->4303K(4672K)
[2024-04-01T15:18:34.406+0000][70][info ][gc          ] GC(10) Pause Young (Normal) (G1 Evacuation Pause) 314M->32M(512M) 45.622ms
[2024-04-01T15:18:34.406+0000][70][info ][gc,cpu      ] GC(10) User=0.09s Sys=0.00s Real=0.05s
[2024-04-01T15:18:34.410+0000][70][info ][safepoint   ] Safepoint "G1CollectForAllocation", Time since last: 235525125 ns, Reaching safepoint: 5224 ns, Cleanup: 13383 ns, At safepoint: 49327949 ns, Total: 49346556 ns
[2024-04-01T15:18:35.547+0000][70][info ][safepoint   ] Safepoint "Cleanup", Time since last: 1135353933 ns, Reaching safepoint: 1705633 ns, Cleanup: 21987 ns, At safepoint: 144463 ns, Total: 1872083 ns
[2024-04-01T15:18:36.559+0000][70][info ][safepoint   ] Safepoint "Cleanup", Time since last: 1011201505 ns, Reaching safepoint: 748455 ns, Cleanup: 22934 ns, At safepoint: 60284 ns, Total: 831673 ns
[2024-04-01T15:18:37.106+0000][70][info ][gc,start    ] GC(11) Pause Young (Normal) (G1 Evacuation Pause)
[2024-04-01T15:18:37.136+0000][70][info ][gc,task     ] GC(11) Using 4 workers of 4 for evacuation
[2024-04-01T15:18:37.137+0000][70][debug][gc,age      ] GC(11) Desired survivor size 20971520 bytes, new threshold 15 (max threshold 15)
[2024-04-01T15:18:37.232+0000][70][info ][gc,phases   ] GC(11)   Pre Evacuate Collection Set: 2.04ms
[2024-04-01T15:18:37.258+0000][70][info ][gc,phases   ] GC(11)   Merge Heap Roots: 0.08ms
[2024-04-01T15:18:37.264+0000][70][info ][gc,phases   ] GC(11)   Evacuate Collection Set: 70.70ms
[2024-04-01T15:18:37.264+0000][70][info ][gc,phases   ] GC(11)   Post Evacuate Collection Set: 20.08ms
[2024-04-01T15:18:37.265+0000][70][info ][gc,phases   ] GC(11)   Other: 3.42ms
[2024-04-01T15:18:37.270+0000][70][trace][gc,age      ] GC(11) Age table with threshold 15 (max threshold 15)
[2024-04-01T15:18:37.270+0000][70][trace][gc,age      ] GC(11) - age   1:    4561200 bytes,    4561200 total
[2024-04-01T15:18:37.271+0000][70][trace][gc,age      ] GC(11) - age   2:    4599056 bytes,    9160256 total
[2024-04-01T15:18:37.273+0000][70][trace][gc,age      ] GC(11) - age   3:    3843144 bytes,   13003400 total
[2024-04-01T15:18:37.273+0000][70][trace][gc,age      ] GC(11) - age   4:     529840 bytes,   13533240 total
[2024-04-01T15:18:37.274+0000][70][trace][gc,age      ] GC(11) - age   5:    2735080 bytes,   16268320 total
[2024-04-01T15:18:37.275+0000][70][trace][gc,age      ] GC(11) - age   6:    8121952 bytes,   24390272 total
[2024-04-01T15:18:37.276+0000][70][info ][gc,heap     ] GC(11) Eden regions: 70->0(69)
[2024-04-01T15:18:37.276+0000][70][info ][gc,heap     ] GC(11) Survivor regions: 6->7(10)
[2024-04-01T15:18:37.280+0000][70][info ][gc,heap     ] GC(11) Old regions: 3->3
[2024-04-01T15:18:37.281+0000][70][info ][gc,heap     ] GC(11) Humongous regions: 0->0
[2024-04-01T15:18:37.281+0000][70][info ][gc,metaspace] GC(11) Metaspace: 37454K(38400K)->37454K(38400K) NonClass: 33057K(33664K)->33057K(33664K) Class: 4396K(4736K)->4396K(4736K)
[2024-04-01T15:18:37.283+0000][70][info ][gc          ] GC(11) Pause Young (Normal) (G1 Evacuation Pause) 312M->36M(512M) 176.716ms
[2024-04-01T15:18:37.287+0000][70][info ][gc,cpu      ] GC(11) User=0.35s Sys=0.00s Real=0.18s
[2024-04-01T15:18:37.289+0000][70][info ][safepoint   ] Safepoint "G1CollectForAllocation", Time since last: 547207591 ns, Reaching safepoint: 5588 ns, Cleanup: 13636 ns, At safepoint: 183257438 ns, Total: 183276662 ns
[2024-04-01T15:18:38.312+0000][70][info ][safepoint   ] Safepoint "Cleanup", Time since last: 1014389500 ns, Reaching safepoint: 8647374 ns, Cleanup: 32611 ns, At safepoint: 14430 ns, Total: 8694415 ns
[2024-04-01T15:18:39.341+0000][70][info ][safepoint   ] Safepoint "Cleanup", Time since last: 1027267889 ns, Reaching safepoint: 984921 ns, Cleanup: 28974 ns, At safepoint: 57983 ns, Total: 1071878 ns
[2024-04-01T15:18:40.351+0000][70][info ][safepoint   ] Safepoint "Cleanup", Time since last: 1009583968 ns, Reaching safepoint: 336249 ns, Cleanup: 184025 ns, At safepoint: 15790 ns, Total: 536064 ns
[2024-04-01T15:18:41.369+0000][70][info ][safepoint   ] Safepoint "Cleanup", Time since last: 1012779841 ns, Reaching safepoint: 4911552 ns, Cleanup: 58366 ns, At safepoint: 70451 ns, Total: 5040369 ns
[2024-04-01T15:18:41.875+0000][70][info ][gc,start    ] GC(12) Pause Young (Normal) (G1 Evacuation Pause)
[2024-04-01T15:18:41.875+0000][70][info ][gc,task     ] GC(12) Using 4 workers of 4 for evacuation
[2024-04-01T15:18:41.875+0000][70][debug][gc,age      ] GC(12) Desired survivor size 20971520 bytes, new threshold 6 (max threshold 15)
[2024-04-01T15:18:41.907+0000][70][info ][gc,phases   ] GC(12)   Pre Evacuate Collection Set: 1.37ms
[2024-04-01T15:18:41.908+0000][70][info ][gc,phases   ] GC(12)   Merge Heap Roots: 0.16ms
[2024-04-01T15:18:41.908+0000][70][info ][gc,phases   ] GC(12)   Evacuate Collection Set: 26.95ms
[2024-04-01T15:18:41.908+0000][70][info ][gc,phases   ] GC(12)   Post Evacuate Collection Set: 2.73ms
[2024-04-01T15:18:41.909+0000][70][info ][gc,phases   ] GC(12)   Other: 0.95ms
[2024-04-01T15:18:41.909+0000][70][trace][gc,age      ] GC(12) Age table with threshold 6 (max threshold 15)
[2024-04-01T15:18:41.909+0000][70][trace][gc,age      ] GC(12) - age   1:    4833696 bytes,    4833696 total
[2024-04-01T15:18:41.909+0000][70][trace][gc,age      ] GC(12) - age   2:    3251832 bytes,    8085528 total
[2024-04-01T15:18:41.910+0000][70][trace][gc,age      ] GC(12) - age   3:    4576576 bytes,   12662104 total
[2024-04-01T15:18:41.910+0000][70][trace][gc,age      ] GC(12) - age   4:    3835520 bytes,   16497624 total
[2024-04-01T15:18:41.910+0000][70][trace][gc,age      ] GC(12) - age   5:     528920 bytes,   17026544 total
[2024-04-01T15:18:41.911+0000][70][trace][gc,age      ] GC(12) - age   6:    2732232 bytes,   19758776 total
[2024-04-01T15:18:41.911+0000][70][info ][gc,heap     ] GC(12) Eden regions: 69->0(70)
[2024-04-01T15:18:41.911+0000][70][info ][gc,heap     ] GC(12) Survivor regions: 7->6(10)
[2024-04-01T15:18:41.911+0000][70][info ][gc,heap     ] GC(12) Old regions: 3->5
[2024-04-01T15:18:41.912+0000][70][info ][gc,heap     ] GC(12) Humongous regions: 0->0
[2024-04-01T15:18:41.912+0000][70][info ][gc,metaspace] GC(12) Metaspace: 48183K(49408K)->48183K(49408K) NonClass: 42409K(43136K)->42409K(43136K) Class: 5773K(6272K)->5773K(6272K)
[2024-04-01T15:18:41.912+0000][70][info ][gc          ] GC(12) Pause Young (Normal) (G1 Evacuation Pause) 312M->41M(512M) 37.839ms
[2024-04-01T15:18:41.913+0000][70][info ][gc,cpu      ] GC(12) User=0.09s Sys=0.00s Real=0.04s
[2024-04-01T15:18:41.916+0000][70][info ][safepoint   ] Safepoint "G1CollectForAllocation", Time since last: 505668783 ns, Reaching safepoint: 4496 ns, Cleanup: 163673 ns, At safepoint: 41149816 ns, Total: 41317985 ns
[2024-04-01T15:18:43.441+0000][70][info ][safepoint   ] Safepoint "Cleanup", Time since last: 1522104158 ns, Reaching safepoint: 3124696 ns, Cleanup: 230637 ns, At safepoint: 15504 ns, Total: 3370837 ns
[2024-04-01T15:18:44.383+0000][70][info ][safepoint   ] Safepoint "Cleanup", Time since last: 1001238606 ns, Reaching safepoint: 246099 ns, Cleanup: 11296 ns, At safepoint: 11399 ns, Total: 268794 ns
[2024-04-01T15:18:44.442+0000][70][info ][gc,start    ] GC(13) Pause Young (Concurrent Start) (Metadata GC Threshold)
[2024-04-01T15:18:44.443+0000][70][info ][gc,task     ] GC(13) Using 4 workers of 4 for evacuation
[2024-04-01T15:18:44.444+0000][70][debug][gc,age      ] GC(13) Desired survivor size 20971520 bytes, new threshold 15 (max threshold 15)
[2024-04-01T15:18:44.513+0000][70][info ][gc,phases   ] GC(13)   Pre Evacuate Collection Set: 1.41ms
[2024-04-01T15:18:44.514+0000][70][info ][gc,phases   ] GC(13)   Merge Heap Roots: 0.25ms
[2024-04-01T15:18:44.515+0000][70][info ][gc,phases   ] GC(13)   Evacuate Collection Set: 62.63ms
[2024-04-01T15:18:44.516+0000][70][info ][gc,phases   ] GC(13)   Post Evacuate Collection Set: 4.61ms
[2024-04-01T15:18:44.517+0000][70][info ][gc,phases   ] GC(13)   Other: 1.42ms
[2024-04-01T15:18:44.518+0000][70][trace][gc,age      ] GC(13) Age table with threshold 15 (max threshold 15)
[2024-04-01T15:18:44.519+0000][70][trace][gc,age      ] GC(13) - age   1:    2365400 bytes,    2365400 total
[2024-04-01T15:18:44.520+0000][70][trace][gc,age      ] GC(13) - age   2:    4649576 bytes,    7014976 total
[2024-04-01T15:18:44.520+0000][70][trace][gc,age      ] GC(13) - age   3:    3250552 bytes,   10265528 total
[2024-04-01T15:18:44.521+0000][70][trace][gc,age      ] GC(13) - age   4:    4574360 bytes,   14839888 total
[2024-04-01T15:18:44.522+0000][70][trace][gc,age      ] GC(13) - age   5:    3832864 bytes,   18672752 total
[2024-04-01T15:18:44.523+0000][70][trace][gc,age      ] GC(13) - age   6:     528312 bytes,   19201064 total
[2024-04-01T15:18:44.524+0000][70][trace][gc,age      ] GC(13) - age   7:    2731424 bytes,   21932488 total
[2024-04-01T15:18:44.525+0000][70][info ][gc,heap     ] GC(13) Eden regions: 18->0(70)
[2024-04-01T15:18:44.526+0000][70][info ][gc,heap     ] GC(13) Survivor regions: 6->6(10)
[2024-04-01T15:18:44.527+0000][70][info ][gc,heap     ] GC(13) Old regions: 5->5
[2024-04-01T15:18:44.528+0000][70][info ][gc,heap     ] GC(13) Humongous regions: 0->0
[2024-04-01T15:18:44.528+0000][70][info ][gc,metaspace] GC(13) Metaspace: 59156K(60416K)->59156K(60416K) NonClass: 51624K(52352K)->51624K(52352K) Class: 7531K(8064K)->7531K(8064K)
[2024-04-01T15:18:44.529+0000][70][info ][gc          ] GC(13) Pause Young (Concurrent Start) (Metadata GC Threshold) 111M->42M(512M) 87.286ms
[2024-04-01T15:18:44.530+0000][70][info ][gc,cpu      ] GC(13) User=0.17s Sys=0.00s Real=0.08s
[2024-04-01T15:18:44.531+0000][70][info ][gc          ] GC(14) Concurrent Mark Cycle
[2024-04-01T15:18:44.534+0000][70][info ][gc,marking  ] GC(14) Concurrent Scan Root Regions
[2024-04-01T15:18:44.534+0000][70][info ][safepoint   ] Safepoint "CollectForMetadataAllocation", Time since last: 58352622 ns, Reaching safepoint: 5352 ns, Cleanup: 3731 ns, At safepoint: 92186799 ns, Total: 92195882 ns
[2024-04-01T15:18:44.577+0000][70][info ][gc,marking  ] GC(14) Concurrent Scan Root Regions 43.011ms
[2024-04-01T15:18:44.578+0000][70][info ][gc,marking  ] GC(14) Concurrent Mark
[2024-04-01T15:18:44.579+0000][70][info ][gc,marking  ] GC(14) Concurrent Mark From Roots
[2024-04-01T15:18:44.579+0000][70][info ][gc,task     ] GC(14) Using 1 workers of 1 for marking
[2024-04-01T15:18:44.632+0000][70][info ][safepoint   ] Safepoint "CollectForMetadataAllocation", Time since last: 97470417 ns, Reaching safepoint: 401055 ns, Cleanup: 3879 ns, At safepoint: 91802 ns, Total: 496736 ns
[2024-04-01T15:18:44.677+0000][70][info ][gc,marking  ] GC(14) Concurrent Mark From Roots 98.048ms
[2024-04-01T15:18:44.678+0000][70][info ][gc,marking  ] GC(14) Concurrent Preclean
[2024-04-01T15:18:44.679+0000][70][info ][gc,marking  ] GC(14) Concurrent Preclean 1.191ms
[2024-04-01T15:18:44.684+0000][70][info ][gc,start    ] GC(14) Pause Remark
[2024-04-01T15:18:44.756+0000][70][info ][gc          ] GC(14) Pause Remark 46M->46M(512M) 72.483ms
[2024-04-01T15:18:44.758+0000][70][info ][gc,cpu      ] GC(14) User=0.14s Sys=0.03s Real=0.07s
[2024-04-01T15:18:44.760+0000][70][info ][safepoint   ] Safepoint "G1PauseRemark", Time since last: 50376000 ns, Reaching safepoint: 1235595 ns, Cleanup: 8466 ns, At safepoint: 75876558 ns, Total: 77120619 ns
[2024-04-01T15:18:44.779+0000][70][info ][gc,marking  ] GC(14) Concurrent Mark 200.474ms
[2024-04-01T15:18:44.781+0000][70][info ][gc,marking  ] GC(14) Concurrent Rebuild Remembered Sets and Scrub Regions
[2024-04-01T15:18:44.845+0000][70][info ][gc,marking  ] GC(14) Concurrent Rebuild Remembered Sets and Scrub Regions 63.976ms
[2024-04-01T15:18:44.865+0000][70][info ][gc,start    ] GC(14) Pause Cleanup
[2024-04-01T15:18:44.872+0000][70][info ][gc          ] GC(14) Pause Cleanup 46M->46M(512M) 7.033ms
[2024-04-01T15:18:44.873+0000][70][info ][gc,cpu      ] GC(14) User=0.01s Sys=0.00s Real=0.01s
[2024-04-01T15:18:44.876+0000][70][info ][safepoint   ] Safepoint "G1PauseCleanup", Time since last: 103202830 ns, Reaching safepoint: 2331719 ns, Cleanup: 16326 ns, At safepoint: 10589783 ns, Total: 12937828 ns
[2024-04-01T15:18:44.888+0000][70][info ][gc,marking  ] GC(14) Concurrent Clear Claimed Marks
[2024-04-01T15:18:44.889+0000][70][info ][gc,marking  ] GC(14) Concurrent Clear Claimed Marks 0.644ms
[2024-04-01T15:18:44.889+0000][70][info ][gc,marking  ] GC(14) Concurrent Cleanup for Next Mark
[2024-04-01T15:18:44.929+0000][70][info ][gc,marking  ] GC(14) Concurrent Cleanup for Next Mark 39.671ms
[2024-04-01T15:18:44.930+0000][70][info ][gc          ] GC(14) Concurrent Mark Cycle 399.091ms
[2024-04-01T15:18:45.890+0000][70][info ][safepoint   ] Safepoint "Cleanup", Time since last: 1012695501 ns, Reaching safepoint: 1092951 ns, Cleanup: 78551 ns, At safepoint: 15755 ns, Total: 1187257 ns
[2024-04-01T15:18:47.199+0000][70][info ][safepoint   ] Safepoint "Cleanup", Time since last: 1307834936 ns, Reaching safepoint: 1166544 ns, Cleanup: 70664 ns, At safepoint: 17619 ns, Total: 1254827 ns
[2024-04-01T15:18:48.204+0000][70][info ][safepoint   ] Safepoint "Cleanup", Time since last: 1004781646 ns, Reaching safepoint: 962380 ns, Cleanup: 65040 ns, At safepoint: 57933 ns, Total: 1085353 ns
[2024-04-01T15:18:50.231+0000][70][info ][safepoint   ] Safepoint "Cleanup", Time since last: 2024756233 ns, Reaching safepoint: 1172368 ns, Cleanup: 42453 ns, At safepoint: 57991 ns, Total: 1272812 ns
[2024-04-01T15:18:51.242+0000][70][info ][safepoint   ] Safepoint "Cleanup", Time since last: 1011033136 ns, Reaching safepoint: 789398 ns, Cleanup: 58595 ns, At safepoint: 12618 ns, Total: 860611 ns
[2024-04-01T15:18:52.244+0000][70][info ][safepoint   ] Safepoint "Cleanup", Time since last: 1001213276 ns, Reaching safepoint: 732496 ns, Cleanup: 18054 ns, At safepoint: 14194 ns, Total: 764744 ns
[2024-04-01T15:18:53.248+0000][70][info ][safepoint   ] Safepoint "Cleanup", Time since last: 1002098755 ns, Reaching safepoint: 1043744 ns, Cleanup: 16031 ns, At safepoint: 58260 ns, Total: 1118035 ns
[2024-04-01T15:18:53.692+0000][70][info ][gc,start    ] GC(15) Pause Young (Normal) (G1 Evacuation Pause)
[2024-04-01T15:18:53.693+0000][70][info ][gc,task     ] GC(15) Using 4 workers of 4 for evacuation
[2024-04-01T15:18:53.693+0000][70][debug][gc,age      ] GC(15) Desired survivor size 20971520 bytes, new threshold 7 (max threshold 15)
[2024-04-01T15:18:53.739+0000][70][info ][gc,phases   ] GC(15)   Pre Evacuate Collection Set: 0.14ms
[2024-04-01T15:18:53.740+0000][70][info ][gc,phases   ] GC(15)   Merge Heap Roots: 0.09ms
[2024-04-01T15:18:53.740+0000][70][info ][gc,phases   ] GC(15)   Evacuate Collection Set: 42.02ms
[2024-04-01T15:18:53.741+0000][70][info ][gc,phases   ] GC(15)   Post Evacuate Collection Set: 3.10ms
[2024-04-01T15:18:53.741+0000][70][info ][gc,phases   ] GC(15)   Other: 1.15ms
[2024-04-01T15:18:53.742+0000][70][trace][gc,age      ] GC(15) Age table with threshold 7 (max threshold 15)
[2024-04-01T15:18:53.743+0000][70][trace][gc,age      ] GC(15) - age   1:    7382392 bytes,    7382392 total
[2024-04-01T15:18:53.744+0000][70][trace][gc,age      ] GC(15) - age   2:    2172304 bytes,    9554696 total
[2024-04-01T15:18:53.744+0000][70][trace][gc,age      ] GC(15) - age   3:    4586800 bytes,   14141496 total
[2024-04-01T15:18:53.744+0000][70][trace][gc,age      ] GC(15) - age   4:    3238344 bytes,   17379840 total
[2024-04-01T15:18:53.745+0000][70][trace][gc,age      ] GC(15) - age   5:    4558728 bytes,   21938568 total
[2024-04-01T15:18:53.745+0000][70][trace][gc,age      ] GC(15) - age   6:    3822776 bytes,   25761344 total
[2024-04-01T15:18:53.746+0000][70][trace][gc,age      ] GC(15) - age   7:     520256 bytes,   26281600 total
[2024-04-01T15:18:53.747+0000][70][info ][gc,heap     ] GC(15) Eden regions: 70->0(69)
[2024-04-01T15:18:53.747+0000][70][info ][gc,heap     ] GC(15) Survivor regions: 6->7(10)
[2024-04-01T15:18:53.749+0000][70][info ][gc,heap     ] GC(15) Old regions: 5->6
[2024-04-01T15:18:53.750+0000][70][info ][gc,heap     ] GC(15) Humongous regions: 0->0
[2024-04-01T15:18:53.868+0000][70][info ][gc,metaspace] GC(15) Metaspace: 67713K(69440K)->67713K(69440K) NonClass: 58759K(59776K)->58759K(59776K) Class: 8954K(9664K)->8954K(9664K)
[2024-04-01T15:18:53.868+0000][70][info ][gc          ] GC(15) Pause Young (Normal) (G1 Evacuation Pause) 322M->49M(512M) 176.492ms
[2024-04-01T15:18:53.869+0000][70][info ][gc,cpu      ] GC(15) User=0.14s Sys=0.00s Real=0.17s
[2024-04-01T15:18:53.874+0000][70][info ][safepoint   ] Safepoint "G1CollectForAllocation", Time since last: 443959879 ns, Reaching safepoint: 6109 ns, Cleanup: 99451 ns, At safepoint: 182157559 ns, Total: 182263119 ns
[2024-04-01T15:18:54.884+0000][70][info ][safepoint   ] Safepoint "Cleanup", Time since last: 1008729648 ns, Reaching safepoint: 1081627 ns, Cleanup: 141857 ns, At safepoint: 102926 ns, Total: 1326410 ns
[2024-04-01T15:18:56.119+0000][70][info ][safepoint   ] Safepoint "Cleanup", Time since last: 1234311036 ns, Reaching safepoint: 665036 ns, Cleanup: 188097 ns, At safepoint: 61552 ns, Total: 914685 ns
[2024-04-01T15:18:57.127+0000][70][info ][safepoint   ] Safepoint "Cleanup", Time since last: 1006584843 ns, Reaching safepoint: 745217 ns, Cleanup: 358687 ns, At safepoint: 122497 ns, Total: 1226401 ns
[2024-04-01T15:18:58.024+0000][70][info ][gc,start    ] GC(16) Pause Young (Normal) (G1 Evacuation Pause)
[2024-04-01T15:18:58.025+0000][70][info ][gc,task     ] GC(16) Using 4 workers of 4 for evacuation
[2024-04-01T15:18:58.025+0000][70][debug][gc,age      ] GC(16) Desired survivor size 20971520 bytes, new threshold 5 (max threshold 15)
[2024-04-01T15:18:58.063+0000][70][info ][gc,phases   ] GC(16)   Pre Evacuate Collection Set: 0.14ms
[2024-04-01T15:18:58.063+0000][70][info ][gc,phases   ] GC(16)   Merge Heap Roots: 0.16ms
[2024-04-01T15:18:58.064+0000][70][info ][gc,phases   ] GC(16)   Evacuate Collection Set: 34.96ms
[2024-04-01T15:18:58.064+0000][70][info ][gc,phases   ] GC(16)   Post Evacuate Collection Set: 1.97ms
[2024-04-01T15:18:58.065+0000][70][info ][gc,phases   ] GC(16)   Other: 0.91ms
[2024-04-01T15:18:58.065+0000][70][trace][gc,age      ] GC(16) Age table with threshold 5 (max threshold 15)
[2024-04-01T15:18:58.066+0000][70][trace][gc,age      ] GC(16) - age   1:    2646552 bytes,    2646552 total
[2024-04-01T15:18:58.066+0000][70][trace][gc,age      ] GC(16) - age   2:    7243456 bytes,    9890008 total
[2024-04-01T15:18:58.067+0000][70][trace][gc,age      ] GC(16) - age   3:    2168184 bytes,   12058192 total
[2024-04-01T15:18:58.067+0000][70][trace][gc,age      ] GC(16) - age   4:    4552904 bytes,   16611096 total
[2024-04-01T15:18:58.068+0000][70][trace][gc,age      ] GC(16) - age   5:    3236152 bytes,   19847248 total
[2024-04-01T15:18:58.068+0000][70][info ][gc,heap     ] GC(16) Eden regions: 69->0(70)
[2024-04-01T15:18:58.069+0000][70][info ][gc,heap     ] GC(16) Survivor regions: 7->6(10)
[2024-04-01T15:18:58.069+0000][70][info ][gc,heap     ] GC(16) Old regions: 6->8
[2024-04-01T15:18:58.070+0000][70][info ][gc,heap     ] GC(16) Humongous regions: 0->0
[2024-04-01T15:18:58.070+0000][70][info ][gc,metaspace] GC(16) Metaspace: 69788K(71488K)->69788K(71488K) NonClass: 60577K(61568K)->60577K(61568K) Class: 9210K(9920K)->9210K(9920K)
[2024-04-01T15:18:58.071+0000][70][info ][gc          ] GC(16) Pause Young (Normal) (G1 Evacuation Pause) 325M->51M(512M) 46.976ms
[2024-04-01T15:18:58.071+0000][70][info ][gc,cpu      ] GC(16) User=0.16s Sys=0.00s Real=0.05s
[2024-04-01T15:18:58.077+0000][70][info ][safepoint   ] Safepoint "G1CollectForAllocation", Time since last: 896976112 ns, Reaching safepoint: 5070 ns, Cleanup: 3529 ns, At safepoint: 53554915 ns, Total: 53563514 ns
[2024-04-01T15:18:59.208+0000][70][info ][safepoint   ] Safepoint "Cleanup", Time since last: 1130300985 ns, Reaching safepoint: 3622 ns, Cleanup: 89542 ns, At safepoint: 4557 ns, Total: 97721 ns
[2024-04-01T15:19:00.855+0000][70][info ][safepoint   ] Safepoint "ICBufferFull", Time since last: 1647142127 ns, Reaching safepoint: 8077 ns, Cleanup: 132335 ns, At safepoint: 10208 ns, Total: 150620 ns
[2024-04-01T15:19:01.883+0000][70][info ][safepoint   ] Safepoint "Cleanup", Time since last: 1012339973 ns, Reaching safepoint: 15352978 ns, Cleanup: 24454 ns, At safepoint: 21145 ns, Total: 15398577 ns
[2024-04-01T15:19:02.885+0000][70][info ][safepoint   ] Safepoint "Cleanup", Time since last: 1002068632 ns, Reaching safepoint: 391982 ns, Cleanup: 15021 ns, At safepoint: 14856 ns, Total: 421859 ns
[2024-04-01T15:19:03.793+0000][70][info ][safepoint   ] Safepoint "ICBufferFull", Time since last: 907181903 ns, Reaching safepoint: 7620 ns, Cleanup: 235162 ns, At safepoint: 50045 ns, Total: 292827 ns
[2024-04-01T15:19:04.084+0000][70][info ][gc,start    ] GC(17) Pause Young (Concurrent Start) (Metadata GC Threshold)
[2024-04-01T15:19:04.085+0000][70][info ][gc,task     ] GC(17) Using 4 workers of 4 for evacuation
[2024-04-01T15:19:04.095+0000][70][debug][gc,age      ] GC(17) Desired survivor size 20971520 bytes, new threshold 15 (max threshold 15)
[2024-04-01T15:19:04.142+0000][70][info ][gc,phases   ] GC(17)   Pre Evacuate Collection Set: 0.47ms
[2024-04-01T15:19:04.142+0000][70][info ][gc,phases   ] GC(17)   Merge Heap Roots: 0.22ms
[2024-04-01T15:19:04.142+0000][70][info ][gc,phases   ] GC(17)   Evacuate Collection Set: 38.65ms
[2024-04-01T15:19:04.143+0000][70][info ][gc,phases   ] GC(17)   Post Evacuate Collection Set: 6.14ms
[2024-04-01T15:19:04.144+0000][70][info ][gc,phases   ] GC(17)   Other: 11.54ms
[2024-04-01T15:19:04.146+0000][70][trace][gc,age      ] GC(17) Age table with threshold 15 (max threshold 15)
[2024-04-01T15:19:04.146+0000][70][trace][gc,age      ] GC(17) - age   1:   10888072 bytes,   10888072 total
[2024-04-01T15:19:04.147+0000][70][trace][gc,age      ] GC(17) - age   2:    2551752 bytes,   13439824 total
[2024-04-01T15:19:04.147+0000][70][trace][gc,age      ] GC(17) - age   3:    7217472 bytes,   20657296 total
[2024-04-01T15:19:04.147+0000][70][trace][gc,age      ] GC(17) - age   4:    2145648 bytes,   22802944 total
[2024-04-01T15:19:04.148+0000][70][trace][gc,age      ] GC(17) - age   5:    4447472 bytes,   27250416 total
[2024-04-01T15:19:04.148+0000][70][trace][gc,age      ] GC(17) - age   6:    3228832 bytes,   30479248 total
[2024-04-01T15:19:04.148+0000][70][info ][gc,heap     ] GC(17) Eden regions: 70->0(68)
[2024-04-01T15:19:04.148+0000][70][info ][gc,heap     ] GC(17) Survivor regions: 6->8(10)
[2024-04-01T15:19:04.148+0000][70][info ][gc,heap     ] GC(17) Old regions: 8->8
[2024-04-01T15:19:04.149+0000][70][info ][gc,heap     ] GC(17) Humongous regions: 0->0
[2024-04-01T15:19:04.149+0000][70][info ][gc,metaspace] GC(17) Metaspace: 99839K(101760K)->99839K(101760K) NonClass: 86572K(87680K)->86572K(87680K) Class: 13266K(14080K)->13266K(14080K)
[2024-04-01T15:19:04.149+0000][70][info ][gc          ] GC(17) Pause Young (Concurrent Start) (Metadata GC Threshold) 329M->62M(512M) 65.209ms
[2024-04-01T15:19:04.150+0000][70][info ][gc,cpu      ] GC(17) User=0.14s Sys=0.02s Real=0.06s
[2024-04-01T15:19:04.150+0000][70][info ][gc          ] GC(18) Concurrent Mark Cycle
[2024-04-01T15:19:04.151+0000][70][info ][gc,marking  ] GC(18) Concurrent Scan Root Regions
[2024-04-01T15:19:04.150+0000][70][info ][safepoint   ] Safepoint "CollectForMetadataAllocation", Time since last: 291170627 ns, Reaching safepoint: 9126 ns, Cleanup: 28680 ns, At safepoint: 66094625 ns, Total: 66132431 ns
[2024-04-01T15:19:04.214+0000][70][info ][gc,marking  ] GC(18) Concurrent Scan Root Regions 63.106ms
[2024-04-01T15:19:04.242+0000][70][info ][gc,marking  ] GC(18) Concurrent Mark
[2024-04-01T15:19:04.261+0000][70][info ][gc,marking  ] GC(18) Concurrent Mark From Roots
[2024-04-01T15:19:04.287+0000][70][info ][gc,task     ] GC(18) Using 1 workers of 1 for marking
[2024-04-01T15:19:04.292+0000][70][info ][safepoint   ] Safepoint "CollectForMetadataAllocation", Time since last: 141373209 ns, Reaching safepoint: 46579 ns, Cleanup: 4333 ns, At safepoint: 138137 ns, Total: 189049 ns
[2024-04-01T15:19:04.353+0000][70][info ][gc,marking  ] GC(18) Concurrent Mark From Roots 91.427ms
[2024-04-01T15:19:04.353+0000][70][info ][gc,marking  ] GC(18) Concurrent Preclean
[2024-04-01T15:19:04.354+0000][70][info ][gc,marking  ] GC(18) Concurrent Preclean 1.060ms
[2024-04-01T15:19:04.355+0000][70][info ][gc,start    ] GC(18) Pause Remark
[2024-04-01T15:19:04.368+0000][70][info ][gc          ] GC(18) Pause Remark 70M->70M(512M) 12.208ms
[2024-04-01T15:19:04.368+0000][70][info ][gc,cpu      ] GC(18) User=0.04s Sys=0.00s Real=0.01s
[2024-04-01T15:19:04.368+0000][70][info ][safepoint   ] Safepoint "G1PauseRemark", Time since last: 63296263 ns, Reaching safepoint: 317709 ns, Cleanup: 10959 ns, At safepoint: 13033211 ns, Total: 13361879 ns
[2024-04-01T15:19:04.369+0000][70][info ][gc,marking  ] GC(18) Concurrent Mark 126.910ms
[2024-04-01T15:19:04.369+0000][70][info ][gc,marking  ] GC(18) Concurrent Rebuild Remembered Sets and Scrub Regions
[2024-04-01T15:19:04.395+0000][70][info ][gc,marking  ] GC(18) Concurrent Rebuild Remembered Sets and Scrub Regions 25.748ms
[2024-04-01T15:19:04.397+0000][70][info ][gc,start    ] GC(18) Pause Cleanup
[2024-04-01T15:19:04.397+0000][70][info ][gc          ] GC(18) Pause Cleanup 70M->70M(512M) 0.429ms
[2024-04-01T15:19:04.397+0000][70][info ][gc,cpu      ] GC(18) User=0.00s Sys=0.00s Real=0.00s
[2024-04-01T15:19:04.398+0000][70][info ][safepoint   ] Safepoint "G1PauseCleanup", Time since last: 27437123 ns, Reaching safepoint: 747233 ns, Cleanup: 11168 ns, At safepoint: 1200693 ns, Total: 1959094 ns
[2024-04-01T15:19:04.398+0000][70][info ][gc,marking  ] GC(18) Concurrent Clear Claimed Marks
[2024-04-01T15:19:04.399+0000][70][info ][gc,marking  ] GC(18) Concurrent Clear Claimed Marks 0.566ms
[2024-04-01T15:19:04.399+0000][70][info ][gc,marking  ] GC(18) Concurrent Cleanup for Next Mark
[2024-04-01T15:19:04.401+0000][70][info ][gc,marking  ] GC(18) Concurrent Cleanup for Next Mark 1.398ms
[2024-04-01T15:19:04.401+0000][70][info ][gc          ] GC(18) Concurrent Mark Cycle 251.517ms
[2024-04-01T15:19:05.994+0000][70][info ][safepoint   ] Safepoint "Cleanup", Time since last: 1593757901 ns, Reaching safepoint: 1850303 ns, Cleanup: 93413 ns, At safepoint: 86063 ns, Total: 2029779 ns
[2024-04-01T15:19:07.042+0000][70][info ][safepoint   ] Safepoint "Cleanup", Time since last: 1046910264 ns, Reaching safepoint: 940697 ns, Cleanup: 137244 ns, At safepoint: 154658 ns, Total: 1232599 ns
[2024-04-01T15:19:08.047+0000][70][info ][safepoint   ] Safepoint "Cleanup", Time since last: 1004908348 ns, Reaching safepoint: 12619 ns, Cleanup: 51652 ns, At safepoint: 9844 ns, Total: 74115 ns
[2024-04-01T15:19:08.759+0000][70][info ][safepoint   ] Safepoint "ICBufferFull", Time since last: 710898446 ns, Reaching safepoint: 827146 ns, Cleanup: 156784 ns, At safepoint: 127145 ns, Total: 1111075 ns
[2024-04-01T15:19:09.189+0000][70][info ][safepoint   ] Safepoint "ICBufferFull", Time since last: 427200294 ns, Reaching safepoint: 2690386 ns, Cleanup: 122934 ns, At safepoint: 105889 ns, Total: 2919209 ns
[2024-04-01T15:19:10.118+0000][70][info ][safepoint   ] Safepoint "ICBufferFull", Time since last: 928343141 ns, Reaching safepoint: 23619 ns, Cleanup: 257144 ns, At safepoint: 143113 ns, Total: 423876 ns
[2024-04-01T15:19:11.078+0000][70][info ][safepoint   ] Safepoint "ICBufferFull", Time since last: 959427120 ns, Reaching safepoint: 395884 ns, Cleanup: 160163 ns, At safepoint: 111229 ns, Total: 667276 ns
[2024-04-01T15:19:12.095+0000][70][info ][safepoint   ] Safepoint "Cleanup", Time since last: 1011667279 ns, Reaching safepoint: 5628062 ns, Cleanup: 322106 ns, At safepoint: 68286 ns, Total: 6018454 ns
[2024-04-01T15:19:13.099+0000][70][info ][safepoint   ] Safepoint "Cleanup", Time since last: 1003230872 ns, Reaching safepoint: 16258 ns, Cleanup: 98324 ns, At safepoint: 167265 ns, Total: 281847 ns
[2024-04-01T15:19:14.097+0000][70][info ][safepoint   ] Safepoint "Cleanup", Time since last: 1003806147 ns, Reaching safepoint: 13278 ns, Cleanup: 108585 ns, At safepoint: 15765 ns, Total: 137628 ns
[2024-04-01T15:19:14.970+0000][70][info ][gc,start    ] GC(19) Pause Young (Normal) (G1 Evacuation Pause)
[2024-04-01T15:19:14.973+0000][70][info ][gc,task     ] GC(19) Using 4 workers of 4 for evacuation
[2024-04-01T15:19:14.975+0000][70][debug][gc,age      ] GC(19) Desired survivor size 20971520 bytes, new threshold 4 (max threshold 15)
[2024-04-01T15:19:15.076+0000][70][info ][gc,phases   ] GC(19)   Pre Evacuate Collection Set: 0.18ms
[2024-04-01T15:19:15.077+0000][70][info ][gc,phases   ] GC(19)   Merge Heap Roots: 0.62ms
[2024-04-01T15:19:15.077+0000][70][info ][gc,phases   ] GC(19)   Evacuate Collection Set: 90.66ms
[2024-04-01T15:19:15.078+0000][70][info ][gc,phases   ] GC(19)   Post Evacuate Collection Set: 7.51ms
[2024-04-01T15:19:15.078+0000][70][info ][gc,phases   ] GC(19)   Other: 3.97ms
[2024-04-01T15:19:15.078+0000][70][trace][gc,age      ] GC(19) Age table with threshold 4 (max threshold 15)
[2024-04-01T15:19:15.078+0000][70][trace][gc,age      ] GC(19) - age   1:   14792456 bytes,   14792456 total
[2024-04-01T15:19:15.079+0000][70][trace][gc,age      ] GC(19) - age   2:   10049896 bytes,   24842352 total
[2024-04-01T15:19:15.079+0000][70][trace][gc,age      ] GC(19) - age   3:    2546048 bytes,   27388400 total
[2024-04-01T15:19:15.079+0000][70][trace][gc,age      ] GC(19) - age   4:    7063048 bytes,   34451448 total
[2024-04-01T15:19:15.080+0000][70][info ][gc,heap     ] GC(19) Eden regions: 68->0(67)
[2024-04-01T15:19:15.080+0000][70][info ][gc,heap     ] GC(19) Survivor regions: 8->9(10)
[2024-04-01T15:19:15.080+0000][70][info ][gc,heap     ] GC(19) Old regions: 8->11
[2024-04-01T15:19:15.080+0000][70][info ][gc,heap     ] GC(19) Humongous regions: 0->0
[2024-04-01T15:19:15.081+0000][70][info ][gc,metaspace] GC(19) Metaspace: 125012K(128512K)->125012K(128512K) NonClass: 107509K(109376K)->107509K(109376K) Class: 17502K(19136K)->17502K(19136K)
[2024-04-01T15:19:15.081+0000][70][info ][gc          ] GC(19) Pause Young (Normal) (G1 Evacuation Pause) 334M->76M(512M) 110.760ms
[2024-04-01T15:19:15.081+0000][70][info ][gc,cpu      ] GC(19) User=0.41s Sys=0.00s Real=0.11s
[2024-04-01T15:19:15.082+0000][70][info ][safepoint   ] Safepoint "G1CollectForAllocation", Time since last: 873068414 ns, Reaching safepoint: 13172 ns, Cleanup: 61900 ns, At safepoint: 111500137 ns, Total: 111575209 ns
[2024-04-01T15:19:16.084+0000][70][info ][safepoint   ] Safepoint "Cleanup", Time since last: 1001080848 ns, Reaching safepoint: 946844 ns, Cleanup: 33777 ns, At safepoint: 100758 ns, Total: 1081379 ns
[2024-04-01T15:19:17.000+0000][70][info ][safepoint   ] Safepoint "ICBufferFull", Time since last: 916217405 ns, Reaching safepoint: 15115 ns, Cleanup: 175407 ns, At safepoint: 22335 ns, Total: 212857 ns
[2024-04-01T15:19:18.002+0000][70][info ][safepoint   ] Safepoint "Cleanup", Time since last: 1001566389 ns, Reaching safepoint: 14182 ns, Cleanup: 80817 ns, At safepoint: 11096 ns, Total: 106095 ns
[2024-04-01T15:19:22.006+0000][70][info ][safepoint   ] Safepoint "Cleanup", Time since last: 4003923874 ns, Reaching safepoint: 14867 ns, Cleanup: 23292 ns, At safepoint: 10988 ns, Total: 49147 ns
[2024-04-01T15:19:27.017+0000][70][info ][safepoint   ] Safepoint "Cleanup", Time since last: 5011043745 ns, Reaching safepoint: 17292 ns, Cleanup: 15870 ns, At safepoint: 10958 ns, Total: 44120 ns
[2024-04-01T15:19:37.035+0000][70][info ][safepoint   ] Safepoint "Cleanup", Time since last: 10017739724 ns, Reaching safepoint: 341350 ns, Cleanup: 39450 ns, At safepoint: 18529 ns, Total: 399329 ns
[2024-04-01T15:19:39.046+0000][70][info ][safepoint   ] Safepoint "Cleanup", Time since last: 2010629463 ns, Reaching safepoint: 282208 ns, Cleanup: 93702 ns, At safepoint: 12725 ns, Total: 388635 ns
[2024-04-01T15:19:48.106+0000][70][info ][safepoint   ] Safepoint "Cleanup", Time since last: 9055776514 ns, Reaching safepoint: 190632 ns, Cleanup: 52337 ns, At safepoint: 26062 ns, Total: 269031 ns
[2024-04-01T15:19:49.108+0000][70][info ][safepoint   ] Safepoint "Cleanup", Time since last: 1001480703 ns, Reaching safepoint: 16513 ns, Cleanup: 45664 ns, At safepoint: 10131 ns, Total: 72308 ns
[2024-04-01T15:19:50.109+0000][70][info ][safepoint   ] Safepoint "Cleanup", Time since last: 1001187888 ns, Reaching safepoint: 18349 ns, Cleanup: 16294 ns, At safepoint: 11853 ns, Total: 46496 ns
[2024-04-01T15:19:54.118+0000][70][info ][safepoint   ] Safepoint "Cleanup", Time since last: 4008939087 ns, Reaching safepoint: 16339 ns, Cleanup: 16228 ns, At safepoint: 11517 ns, Total: 44084 ns
[2024-04-01T15:19:57.131+0000][70][info ][safepoint   ] Safepoint "Cleanup", Time since last: 3012843787 ns, Reaching safepoint: 15490 ns, Cleanup: 14531 ns, At safepoint: 78170 ns, Total: 108191 ns
[2024-04-01T15:19:58.664+0000][70][info ][safepoint   ] Safepoint "Cleanup", Time since last: 1532978418 ns, Reaching safepoint: 14397 ns, Cleanup: 81537 ns, At safepoint: 10314 ns, Total: 106248 ns
[2024-04-01T15:20:03.669+0000][70][info ][safepoint   ] Safepoint "Cleanup", Time since last: 5004818103 ns, Reaching safepoint: 14713 ns, Cleanup: 15691 ns, At safepoint: 40964 ns, Total: 71368 ns
[2024-04-01T15:20:09.100+0000][70][info ][safepoint   ] Safepoint "Cleanup", Time since last: 5430804597 ns, Reaching safepoint: 12367 ns, Cleanup: 15283 ns, At safepoint: 9077 ns, Total: 36727 ns
[2024-04-01T15:20:12.129+0000][70][info ][safepoint   ] Safepoint "Cleanup", Time since last: 3029045693 ns, Reaching safepoint: 92663 ns, Cleanup: 16414 ns, At safepoint: 9632 ns, Total: 118709 ns
[2024-04-01T15:20:13.131+0000][70][info ][safepoint   ] Safepoint "Cleanup", Time since last: 1001928901 ns, Reaching safepoint: 11915 ns, Cleanup: 42149 ns, At safepoint: 10231 ns, Total: 64295 ns
[2024-04-01T15:20:14.130+0000][70][info ][safepoint   ] Safepoint "Cleanup", Time since last: 1003841667 ns, Reaching safepoint: 79831 ns, Cleanup: 44366 ns, At safepoint: 17263 ns, Total: 141460 ns
[2024-04-01T15:20:15.133+0000][70][info ][safepoint   ] Safepoint "Cleanup", Time since last: 1002856712 ns, Reaching safepoint: 12923 ns, Cleanup: 13763 ns, At safepoint: 8928 ns, Total: 35614 ns
[2024-04-01T15:20:37.155+0000][70][info ][safepoint   ] Safepoint "Cleanup", Time since last: 22021973984 ns, Reaching safepoint: 42270 ns, Cleanup: 43009 ns, At safepoint: 10065 ns, Total: 95344 ns
[2024-04-01T15:20:39.160+0000][70][info ][safepoint   ] Safepoint "Cleanup", Time since last: 2005216231 ns, Reaching safepoint: 17506 ns, Cleanup: 15522 ns, At safepoint: 11299 ns, Total: 44327 ns
[2024-04-01T15:20:45.208+0000][70][info ][safepoint   ] Safepoint "Cleanup", Time since last: 6046997852 ns, Reaching safepoint: 79646 ns, Cleanup: 19730 ns, At safepoint: 14845 ns, Total: 114221 ns
[2024-04-01T15:21:11.237+0000][70][info ][safepoint   ] Safepoint "Cleanup", Time since last: 26028569004 ns, Reaching safepoint: 20564 ns, Cleanup: 35119 ns, At safepoint: 13882 ns, Total: 69565 ns
[2024-04-01T15:21:12.239+0000][70][info ][safepoint   ] Safepoint "Cleanup", Time since last: 1002127689 ns, Reaching safepoint: 18973 ns, Cleanup: 16437 ns, At safepoint: 13847 ns, Total: 49257 ns
[2024-04-01T15:21:18.450+0000][70][info ][safepoint   ] Safepoint "Cleanup", Time since last: 6210775328 ns, Reaching safepoint: 19996 ns, Cleanup: 19021 ns, At safepoint: 14787 ns, Total: 53804 ns
[2024-04-01T15:21:31.465+0000][70][info ][safepoint   ] Safepoint "Cleanup", Time since last: 13015160752 ns, Reaching safepoint: 686626 ns, Cleanup: 21649 ns, At safepoint: 55323 ns, Total: 763598 ns
[2024-04-01T15:21:38.473+0000][70][info ][safepoint   ] Safepoint "Cleanup", Time since last: 7007873378 ns, Reaching safepoint: 10719 ns, Cleanup: 12256 ns, At safepoint: 8589 ns, Total: 31564 ns
[2024-04-01T15:22:38.541+0000][70][info ][safepoint   ] Safepoint "Cleanup", Time since last: 60066988837 ns, Reaching safepoint: 61765 ns, Cleanup: 26175 ns, At safepoint: 21129 ns, Total: 109069 ns
[2024-04-01T15:23:08.575+0000][70][info ][safepoint   ] Safepoint "Cleanup", Time since last: 30035058745 ns, Reaching safepoint: 10464 ns, Cleanup: 14640 ns, At safepoint: 8256 ns, Total: 33360 ns
[2024-04-01T15:23:11.579+0000][70][info ][safepoint   ] Safepoint "Cleanup", Time since last: 3004047640 ns, Reaching safepoint: 12593 ns, Cleanup: 13224 ns, At safepoint: 9402 ns, Total: 35219 ns
[2024-04-01T15:23:16.585+0000][70][info ][safepoint   ] Safepoint "Cleanup", Time since last: 5004868631 ns, Reaching safepoint: 1016727 ns, Cleanup: 14421 ns, At safepoint: 57354 ns, Total: 1088502 ns
[2024-04-01T15:23:38.608+0000][70][info ][safepoint   ] Safepoint "Cleanup", Time since last: 22022900847 ns, Reaching safepoint: 44134 ns, Cleanup: 14904 ns, At safepoint: 9340 ns, Total: 68378 ns
[2024-04-01T15:24:08.639+0000][70][info ][safepoint   ] Safepoint "Cleanup", Time since last: 30030894952 ns, Reaching safepoint: 133068 ns, Cleanup: 17363 ns, At safepoint: 9681 ns, Total: 160112 ns
[2024-04-01T15:24:38.656+0000][70][info ][safepoint   ] Safepoint "Cleanup", Time since last: 30029969922 ns, Reaching safepoint: 37948 ns, Cleanup: 13267 ns, At safepoint: 9048 ns, Total: 60263 ns
[2024-04-01T15:24:46.658+0000][70][info ][safepoint   ] Safepoint "Cleanup", Time since last: 8008820535 ns, Reaching safepoint: 14354 ns, Cleanup: 17913 ns, At safepoint: 10279 ns, Total: 42546 ns
[2024-04-01T15:25:08.681+0000][70][info ][safepoint   ] Safepoint "Cleanup", Time since last: 22022978567 ns, Reaching safepoint: 11758 ns, Cleanup: 12211 ns, At safepoint: 9724 ns, Total: 33693 ns
[2024-04-01T15:25:12.687+0000][70][info ][safepoint   ] Safepoint "Cleanup", Time since last: 4005864225 ns, Reaching safepoint: 14012 ns, Cleanup: 14626 ns, At safepoint: 10074 ns, Total: 38712 ns
[2024-04-01T15:25:16.690+0000][70][info ][safepoint   ] Safepoint "Cleanup", Time since last: 4004055537 ns, Reaching safepoint: 10750 ns, Cleanup: 11163 ns, At safepoint: 8773 ns, Total: 30686 ns
[2024-04-01T15:25:32.707+0000][70][info ][safepoint   ] Safepoint "Cleanup", Time since last: 16017353953 ns, Reaching safepoint: 125101 ns, Cleanup: 42500 ns, At safepoint: 30834 ns, Total: 198435 ns
[2024-04-01T15:25:33.709+0000][70][info ][safepoint   ] Safepoint "Cleanup", Time since last: 1001404713 ns, Reaching safepoint: 10745 ns, Cleanup: 7490 ns, At safepoint: 8426 ns, Total: 26661 ns
[2024-04-01T15:25:38.715+0000][70][info ][safepoint   ] Safepoint "Cleanup", Time since last: 5005849509 ns, Reaching safepoint: 10609 ns, Cleanup: 11820 ns, At safepoint: 8007 ns, Total: 30436 ns
[2024-04-01T15:25:49.732+0000][70][info ][safepoint   ] Safepoint "Cleanup", Time since last: 11018122649 ns, Reaching safepoint: 17821 ns, Cleanup: 14935 ns, At safepoint: 11175 ns, Total: 43931 ns
[2024-04-01T15:26:08.751+0000][70][info ][safepoint   ] Safepoint "Cleanup", Time since last: 19018945766 ns, Reaching safepoint: 19233 ns, Cleanup: 49714 ns, At safepoint: 22498 ns, Total: 91445 ns
[2024-04-01T15:26:38.791+0000][70][info ][safepoint   ] Safepoint "Cleanup", Time since last: 30039967561 ns, Reaching safepoint: 154493 ns, Cleanup: 40743 ns, At safepoint: 10819 ns, Total: 206055 ns
[2024-04-01T15:26:56.820+0000][70][info ][safepoint   ] Safepoint "Cleanup", Time since last: 18027075292 ns, Reaching safepoint: 1817544 ns, Cleanup: 60559 ns, At safepoint: 281447 ns, Total: 2159550 ns
[2024-04-01T15:27:08.842+0000][70][info ][safepoint   ] Safepoint "Cleanup", Time since last: 12022478499 ns, Reaching safepoint: 27799 ns, Cleanup: 17423 ns, At safepoint: 11593 ns, Total: 56815 ns
[2024-04-01T15:27:11.879+0000][70][info ][safepoint   ] Safepoint "Cleanup", Time since last: 3036407708 ns, Reaching safepoint: 22143 ns, Cleanup: 17414 ns, At safepoint: 12226 ns, Total: 51783 ns
[2024-04-01T15:27:37.910+0000][70][info ][safepoint   ] Safepoint "Cleanup", Time since last: 26031430186 ns, Reaching safepoint: 54325 ns, Cleanup: 17195 ns, At safepoint: 11463 ns, Total: 82983 ns
[2024-04-01T15:27:38.913+0000][70][info ][safepoint   ] Safepoint "Cleanup", Time since last: 1002021146 ns, Reaching safepoint: 852108 ns, Cleanup: 34132 ns, At safepoint: 100055 ns, Total: 986295 ns
[2024-04-01T15:27:40.917+0000][70][info ][safepoint   ] Safepoint "Cleanup", Time since last: 2003913470 ns, Reaching safepoint: 12062 ns, Cleanup: 16343 ns, At safepoint: 9634 ns, Total: 38039 ns
[2024-04-01T15:27:41.917+0000][70][info ][safepoint   ] Safepoint "Cleanup", Time since last: 1000835373 ns, Reaching safepoint: 19812 ns, Cleanup: 15355 ns, At safepoint: 10324 ns, Total: 45491 ns
[2024-04-01T15:28:04.146+0000][70][info ][safepoint   ] Safepoint "Cleanup", Time since last: 22224309692 ns, Reaching safepoint: 4371390 ns, Cleanup: 313173 ns, At safepoint: 257335 ns, Total: 4941898 ns
[2024-04-01T15:28:09.159+0000][70][info ][safepoint   ] Safepoint "Cleanup", Time since last: 5012885694 ns, Reaching safepoint: 12761 ns, Cleanup: 13626 ns, At safepoint: 8945 ns, Total: 35332 ns
[2024-04-01T15:28:13.164+0000][70][info ][safepoint   ] Safepoint "Cleanup", Time since last: 4004210828 ns, Reaching safepoint: 17144 ns, Cleanup: 19345 ns, At safepoint: 12521 ns, Total: 49010 ns
[2024-04-01T15:28:39.191+0000][70][info ][safepoint   ] Safepoint "Cleanup", Time since last: 26027737931 ns, Reaching safepoint: 38504 ns, Cleanup: 17632 ns, At safepoint: 8468 ns, Total: 64604 ns
[2024-04-01T15:28:45.198+0000][70][info ][safepoint   ] Safepoint "Cleanup", Time since last: 6007049966 ns, Reaching safepoint: 54172 ns, Cleanup: 20505 ns, At safepoint: 14557 ns, Total: 89234 ns
[2024-04-01T15:29:32.347+0000][70][info ][safepoint   ] Safepoint "Cleanup", Time since last: 47141596132 ns, Reaching safepoint: 7983510 ns, Cleanup: 23535 ns, At safepoint: 72933 ns, Total: 8079978 ns
[2024-04-01T15:29:33.350+0000][70][info ][safepoint   ] Safepoint "Cleanup", Time since last: 1002083701 ns, Reaching safepoint: 6620 ns, Cleanup: 56412 ns, At safepoint: 10816 ns, Total: 73848 ns
[2024-04-01T15:29:34.599+0000][70][info ][gc,heap,exit] Heap
[2024-04-01T15:29:34.600+0000][70][info ][gc,heap,exit]  garbage-first heap   total reserved 524288K, committed 524288K, used 160576K [0x00000000e0000000, 0x0000000100000000)
[2024-04-01T15:29:34.601+0000][70][info ][gc,heap,exit]   region size 4096K, 30 young (122880K), 9 survivors (36864K)
[2024-04-01T15:29:34.601+0000][70][info ][gc,heap,exit]  Metaspace       used 126734K, committed 130368K, reserved 1179648K
[2024-04-01T15:29:34.602+0000][70][info ][gc,heap,exit]   class space    used 17759K, committed 19456K, reserved 1048576K
