[2024-04-01T15:30:21.410+0000][68][info][gc,init] CardTable entry size: 512
[2024-04-01T15:30:21.412+0000][68][info][gc     ] Using G1
[2024-04-01T15:30:23.216+0000][68][info][gc,init] Version: 22+36-2370 (release)
[2024-04-01T15:30:23.217+0000][68][info][gc,init] CPUs: 4 total, 4 available
[2024-04-01T15:30:23.218+0000][68][info][gc,init] Memory: 3917M
[2024-04-01T15:30:23.219+0000][68][info][gc,init] Large Page Support: Disabled
[2024-04-01T15:30:23.221+0000][68][info][gc,init] NUMA Support: Disabled
[2024-04-01T15:30:23.221+0000][68][info][gc,init] Compressed Oops: Enabled (32-bit)
[2024-04-01T15:30:23.222+0000][68][info][gc,init] Heap Region Size: 4M
[2024-04-01T15:30:23.222+0000][68][info][gc,init] Heap Min Capacity: 512M
[2024-04-01T15:30:23.223+0000][68][info][gc,init] Heap Initial Capacity: 512M
[2024-04-01T15:30:23.223+0000][68][info][gc,init] Heap Max Capacity: 512M
[2024-04-01T15:30:23.224+0000][68][info][gc,init] Pre-touch: Enabled
[2024-04-01T15:30:23.224+0000][68][info][gc,init] Parallel Workers: 4
[2024-04-01T15:30:23.225+0000][68][info][gc,init] Concurrent Workers: 1
[2024-04-01T15:30:23.225+0000][68][info][gc,init] Concurrent Refinement Workers: 4
[2024-04-01T15:30:23.226+0000][68][info][gc,init] Periodic GC: Disabled
[2024-04-01T15:30:23.353+0000][68][info][gc,metaspace] CDS archive(s) mapped at: [0x00007f4256000000-0x00007f4256c74000-0x00007f4256c74000), size 13058048, SharedBaseAddress: 0x00007f4256000000, ArchiveRelocationMode: 1.
[2024-04-01T15:30:23.353+0000][68][info][gc,metaspace] Compressed class space mapped at: 0x00007f4257000000-0x00007f4297000000, reserved size: 1073741824
[2024-04-01T15:30:23.355+0000][68][info][gc,metaspace] Narrow klass base: 0x00007f4256000000, Narrow klass shift: 0, Narrow klass range: 0x100000000
[2024-04-01T15:30:24.210+0000][68][info][safepoint   ] Safepoint "ICBufferFull", Time since last: 816640260 ns, Reaching safepoint: 616982 ns, Cleanup: 140571 ns, At safepoint: 12582 ns, Total: 770135 ns
[2024-04-01T15:30:24.281+0000][68][info][gc,start    ] GC(0) Pause Young (Normal) (G1 Evacuation Pause)
[2024-04-01T15:30:24.282+0000][68][info][gc,task     ] GC(0) Using 4 workers of 4 for evacuation
[2024-04-01T15:30:24.282+0000][68][debug][gc,age      ] GC(0) Desired survivor size 2097152 bytes, new threshold 15 (max threshold 15)
[2024-04-01T15:30:24.290+0000][68][info ][gc,phases   ] GC(0)   Pre Evacuate Collection Set: 0.22ms
[2024-04-01T15:30:24.290+0000][68][info ][gc,phases   ] GC(0)   Merge Heap Roots: 0.17ms
[2024-04-01T15:30:24.291+0000][68][info ][gc,phases   ] GC(0)   Evacuate Collection Set: 5.60ms
[2024-04-01T15:30:24.291+0000][68][info ][gc,phases   ] GC(0)   Post Evacuate Collection Set: 0.95ms
[2024-04-01T15:30:24.292+0000][68][info ][gc,phases   ] GC(0)   Other: 0.76ms
[2024-04-01T15:30:24.292+0000][68][trace][gc,age      ] GC(0) Age table with threshold 15 (max threshold 15)
[2024-04-01T15:30:24.293+0000][68][trace][gc,age      ] GC(0) - age   1:    2273104 bytes,    2273104 total
[2024-04-01T15:30:24.293+0000][68][info ][gc,heap     ] GC(0) Eden regions: 6->0(11)
[2024-04-01T15:30:24.294+0000][68][info ][gc,heap     ] GC(0) Survivor regions: 0->1(1)
[2024-04-01T15:30:24.294+0000][68][info ][gc,heap     ] GC(0) Old regions: 1->1
[2024-04-01T15:30:24.295+0000][68][info ][gc,heap     ] GC(0) Humongous regions: 0->0
[2024-04-01T15:30:24.296+0000][68][info ][gc,metaspace] GC(0) Metaspace: 1135K(1344K)->1135K(1344K) NonClass: 1052K(1152K)->1052K(1152K) Class: 83K(192K)->83K(192K)
[2024-04-01T15:30:24.297+0000][68][info ][gc          ] GC(0) Pause Young (Normal) (G1 Evacuation Pause) 25M->3M(512M) 15.687ms
[2024-04-01T15:30:24.298+0000][68][info ][gc,cpu      ] GC(0) User=0.04s Sys=0.00s Real=0.01s
[2024-04-01T15:30:24.299+0000][68][info ][safepoint   ] Safepoint "G1CollectForAllocation", Time since last: 70065428 ns, Reaching safepoint: 857755 ns, Cleanup: 18745 ns, At safepoint: 17952719 ns, Total: 18829219 ns
[2024-04-01T15:30:25.405+0000][68][info ][safepoint   ] Safepoint "ICBufferFull", Time since last: 1106167842 ns, Reaching safepoint: 4494 ns, Cleanup: 152451 ns, At safepoint: 8641 ns, Total: 165586 ns
[2024-04-01T15:30:26.228+0000][68][info ][safepoint   ] Safepoint "ICBufferFull", Time since last: 822399262 ns, Reaching safepoint: 3701 ns, Cleanup: 220702 ns, At safepoint: 13648 ns, Total: 238051 ns
[2024-04-01T15:30:26.347+0000][68][info ][gc,start    ] GC(1) Pause Young (Normal) (G1 Evacuation Pause)
[2024-04-01T15:30:26.350+0000][68][info ][gc,task     ] GC(1) Using 4 workers of 4 for evacuation
[2024-04-01T15:30:26.350+0000][68][debug][gc,age      ] GC(1) Desired survivor size 4194304 bytes, new threshold 15 (max threshold 15)
[2024-04-01T15:30:26.359+0000][68][info ][gc,phases   ] GC(1)   Pre Evacuate Collection Set: 0.41ms
[2024-04-01T15:30:26.360+0000][68][info ][gc,phases   ] GC(1)   Merge Heap Roots: 0.22ms
[2024-04-01T15:30:26.360+0000][68][info ][gc,phases   ] GC(1)   Evacuate Collection Set: 6.78ms
[2024-04-01T15:30:26.361+0000][68][info ][gc,phases   ] GC(1)   Post Evacuate Collection Set: 0.94ms
[2024-04-01T15:30:26.361+0000][68][info ][gc,phases   ] GC(1)   Other: 1.13ms
[2024-04-01T15:30:26.362+0000][68][trace][gc,age      ] GC(1) Age table with threshold 15 (max threshold 15)
[2024-04-01T15:30:26.362+0000][68][trace][gc,age      ] GC(1) - age   1:    4056664 bytes,    4056664 total
[2024-04-01T15:30:26.363+0000][68][trace][gc,age      ] GC(1) - age   2:    2250472 bytes,    6307136 total
[2024-04-01T15:30:26.363+0000][68][info ][gc,heap     ] GC(1) Eden regions: 11->0(13)
[2024-04-01T15:30:26.363+0000][68][info ][gc,heap     ] GC(1) Survivor regions: 1->2(2)
[2024-04-01T15:30:26.364+0000][68][info ][gc,heap     ] GC(1) Old regions: 1->1
[2024-04-01T15:30:26.364+0000][68][info ][gc,heap     ] GC(1) Humongous regions: 0->0
[2024-04-01T15:30:26.365+0000][68][info ][gc,metaspace] GC(1) Metaspace: 10218K(10560K)->10218K(10560K) NonClass: 8967K(9152K)->8967K(9152K) Class: 1251K(1408K)->1251K(1408K)
[2024-04-01T15:30:26.365+0000][68][info ][gc          ] GC(1) Pause Young (Normal) (G1 Evacuation Pause) 47M->7M(512M) 17.959ms
[2024-04-01T15:30:26.366+0000][68][info ][gc,cpu      ] GC(1) User=0.03s Sys=0.00s Real=0.02s
[2024-04-01T15:30:26.366+0000][68][info ][safepoint   ] Safepoint "G1CollectForAllocation", Time since last: 119103161 ns, Reaching safepoint: 5732 ns, Cleanup: 20933 ns, At safepoint: 19025623 ns, Total: 19052288 ns
[2024-04-01T15:30:27.369+0000][68][info ][safepoint   ] Safepoint "Cleanup", Time since last: 1002381062 ns, Reaching safepoint: 4332 ns, Cleanup: 67352 ns, At safepoint: 5536 ns, Total: 77220 ns
[2024-04-01T15:30:28.542+0000][68][info ][safepoint   ] Safepoint "ICBufferFull", Time since last: 1171435678 ns, Reaching safepoint: 1200526 ns, Cleanup: 127398 ns, At safepoint: 60829 ns, Total: 1388753 ns
[2024-04-01T15:30:29.094+0000][68][info ][gc,start    ] GC(2) Pause Young (Normal) (G1 Evacuation Pause)
[2024-04-01T15:30:29.094+0000][68][info ][gc,task     ] GC(2) Using 4 workers of 4 for evacuation
[2024-04-01T15:30:29.094+0000][68][debug][gc,age      ] GC(2) Desired survivor size 4194304 bytes, new threshold 2 (max threshold 15)
[2024-04-01T15:30:29.118+0000][68][info ][gc,phases   ] GC(2)   Pre Evacuate Collection Set: 0.19ms
[2024-04-01T15:30:29.118+0000][68][info ][gc,phases   ] GC(2)   Merge Heap Roots: 0.03ms
[2024-04-01T15:30:29.119+0000][68][info ][gc,phases   ] GC(2)   Evacuate Collection Set: 20.28ms
[2024-04-01T15:30:29.119+0000][68][info ][gc,phases   ] GC(2)   Post Evacuate Collection Set: 2.48ms
[2024-04-01T15:30:29.120+0000][68][info ][gc,phases   ] GC(2)   Other: 0.58ms
[2024-04-01T15:30:29.120+0000][68][trace][gc,age      ] GC(2) Age table with threshold 2 (max threshold 15)
[2024-04-01T15:30:29.121+0000][68][trace][gc,age      ] GC(2) - age   1:    3000928 bytes,    3000928 total
[2024-04-01T15:30:29.121+0000][68][trace][gc,age      ] GC(2) - age   2:    3985272 bytes,    6986200 total
[2024-04-01T15:30:29.122+0000][68][info ][gc,heap     ] GC(2) Eden regions: 13->0(21)
[2024-04-01T15:30:29.122+0000][68][info ][gc,heap     ] GC(2) Survivor regions: 2->2(2)
[2024-04-01T15:30:29.122+0000][68][info ][gc,heap     ] GC(2) Old regions: 1->2
[2024-04-01T15:30:29.124+0000][68][info ][gc,heap     ] GC(2) Humongous regions: 0->0
[2024-04-01T15:30:29.124+0000][68][info ][gc,metaspace] GC(2) Metaspace: 20042K(20672K)->20042K(20672K) NonClass: 17757K(18112K)->17757K(18112K) Class: 2285K(2560K)->2285K(2560K)
[2024-04-01T15:30:29.125+0000][68][info ][gc          ] GC(2) Pause Young (Normal) (G1 Evacuation Pause) 59M->10M(512M) 30.954ms
[2024-04-01T15:30:29.125+0000][68][info ][gc,cpu      ] GC(2) User=0.10s Sys=0.00s Real=0.03s
[2024-04-01T15:30:29.126+0000][68][info ][safepoint   ] Safepoint "G1CollectForAllocation", Time since last: 552031638 ns, Reaching safepoint: 4891 ns, Cleanup: 55629 ns, At safepoint: 31882436 ns, Total: 31942956 ns
[2024-04-01T15:30:30.107+0000][68][info ][gc,start    ] GC(3) Pause Young (Concurrent Start) (Metadata GC Threshold)
[2024-04-01T15:30:30.107+0000][68][info ][gc,task     ] GC(3) Using 4 workers of 4 for evacuation
[2024-04-01T15:30:30.108+0000][68][debug][gc,age      ] GC(3) Desired survivor size 6291456 bytes, new threshold 2 (max threshold 15)
[2024-04-01T15:30:30.131+0000][68][info ][gc,phases   ] GC(3)   Pre Evacuate Collection Set: 0.14ms
[2024-04-01T15:30:30.133+0000][68][info ][gc,phases   ] GC(3)   Merge Heap Roots: 0.04ms
[2024-04-01T15:30:30.133+0000][68][info ][gc,phases   ] GC(3)   Evacuate Collection Set: 18.85ms
[2024-04-01T15:30:30.133+0000][68][info ][gc,phases   ] GC(3)   Post Evacuate Collection Set: 3.55ms
[2024-04-01T15:30:30.134+0000][68][info ][gc,phases   ] GC(3)   Other: 1.26ms
[2024-04-01T15:30:30.134+0000][68][trace][gc,age      ] GC(3) Age table with threshold 2 (max threshold 15)
[2024-04-01T15:30:30.134+0000][68][trace][gc,age      ] GC(3) - age   1:    1041488 bytes,    1041488 total
[2024-04-01T15:30:30.134+0000][68][trace][gc,age      ] GC(3) - age   2:    2078088 bytes,    3119576 total
[2024-04-01T15:30:30.135+0000][68][info ][gc,heap     ] GC(3) Eden regions: 12->0(47)
[2024-04-01T15:30:30.135+0000][68][info ][gc,heap     ] GC(3) Survivor regions: 2->1(3)
[2024-04-01T15:30:30.135+0000][68][info ][gc,heap     ] GC(3) Old regions: 2->3
[2024-04-01T15:30:30.136+0000][68][info ][gc,heap     ] GC(3) Humongous regions: 0->0
[2024-04-01T15:30:30.136+0000][68][info ][gc,metaspace] GC(3) Metaspace: 21013K(21504K)->21013K(21504K) NonClass: 18633K(18880K)->18633K(18880K) Class: 2379K(2624K)->2379K(2624K)
[2024-04-01T15:30:30.136+0000][68][info ][gc          ] GC(3) Pause Young (Concurrent Start) (Metadata GC Threshold) 57M->10M(512M) 29.501ms
[2024-04-01T15:30:30.137+0000][68][info ][gc,cpu      ] GC(3) User=0.10s Sys=0.01s Real=0.03s
[2024-04-01T15:30:30.137+0000][68][info ][gc          ] GC(4) Concurrent Mark Cycle
[2024-04-01T15:30:30.138+0000][68][info ][gc,marking  ] GC(4) Concurrent Scan Root Regions
[2024-04-01T15:30:30.137+0000][68][info ][safepoint   ] Safepoint "CollectForMetadataAllocation", Time since last: 981119288 ns, Reaching safepoint: 4245 ns, Cleanup: 117019 ns, At safepoint: 30631249 ns, Total: 30752513 ns
[2024-04-01T15:30:30.150+0000][68][info ][gc,marking  ] GC(4) Concurrent Scan Root Regions 12.352ms
[2024-04-01T15:30:30.153+0000][68][info ][gc,marking  ] GC(4) Concurrent Mark
[2024-04-01T15:30:30.153+0000][68][info ][gc,marking  ] GC(4) Concurrent Mark From Roots
[2024-04-01T15:30:30.155+0000][68][info ][gc,task     ] GC(4) Using 1 workers of 1 for marking
[2024-04-01T15:30:30.167+0000][68][info ][gc,marking  ] GC(4) Concurrent Mark From Roots 13.852ms
[2024-04-01T15:30:30.167+0000][68][info ][gc,marking  ] GC(4) Concurrent Preclean
[2024-04-01T15:30:30.168+0000][68][info ][gc,marking  ] GC(4) Concurrent Preclean 1.144ms
[2024-04-01T15:30:30.172+0000][68][info ][gc,start    ] GC(4) Pause Remark
[2024-04-01T15:30:30.181+0000][68][info ][gc          ] GC(4) Pause Remark 12M->12M(512M) 9.043ms
[2024-04-01T15:30:30.182+0000][68][info ][gc,cpu      ] GC(4) User=0.03s Sys=0.00s Real=0.01s
[2024-04-01T15:30:30.182+0000][68][info ][safepoint   ] Safepoint "G1PauseRemark", Time since last: 34839755 ns, Reaching safepoint: 4681 ns, Cleanup: 10440 ns, At safepoint: 9711133 ns, Total: 9726254 ns
[2024-04-01T15:30:30.186+0000][68][info ][gc,marking  ] GC(4) Concurrent Mark 33.052ms
[2024-04-01T15:30:30.186+0000][68][info ][gc,marking  ] GC(4) Concurrent Rebuild Remembered Sets and Scrub Regions
[2024-04-01T15:30:30.196+0000][68][info ][gc,marking  ] GC(4) Concurrent Rebuild Remembered Sets and Scrub Regions 10.180ms
[2024-04-01T15:30:30.198+0000][68][info ][gc,start    ] GC(4) Pause Cleanup
[2024-04-01T15:30:30.199+0000][68][info ][gc          ] GC(4) Pause Cleanup 14M->14M(512M) 0.728ms
[2024-04-01T15:30:30.200+0000][68][info ][gc,cpu      ] GC(4) User=0.01s Sys=0.00s Real=0.01s
[2024-04-01T15:30:30.201+0000][68][info ][safepoint   ] Safepoint "G1PauseCleanup", Time since last: 14922633 ns, Reaching safepoint: 1293755 ns, Cleanup: 5491 ns, At safepoint: 2480724 ns, Total: 3779970 ns
[2024-04-01T15:30:30.204+0000][68][info ][gc,marking  ] GC(4) Concurrent Clear Claimed Marks
[2024-04-01T15:30:30.205+0000][68][info ][gc,marking  ] GC(4) Concurrent Clear Claimed Marks 1.059ms
[2024-04-01T15:30:30.205+0000][68][info ][gc,marking  ] GC(4) Concurrent Cleanup for Next Mark
[2024-04-01T15:30:30.208+0000][68][info ][gc,marking  ] GC(4) Concurrent Cleanup for Next Mark 2.566ms
[2024-04-01T15:30:30.208+0000][68][info ][gc          ] GC(4) Concurrent Mark Cycle 71.756ms
[2024-04-01T15:30:31.518+0000][68][info ][safepoint   ] Safepoint "Cleanup", Time since last: 1316599013 ns, Reaching safepoint: 958654 ns, Cleanup: 87247 ns, At safepoint: 81465 ns, Total: 1127366 ns
[2024-04-01T15:30:32.522+0000][68][info ][safepoint   ] Safepoint "Cleanup", Time since last: 1002883750 ns, Reaching safepoint: 793474 ns, Cleanup: 169000 ns, At safepoint: 57336 ns, Total: 1019810 ns
[2024-04-01T15:30:32.533+0000][68][info ][gc,start    ] GC(5) Pause Young (Prepare Mixed) (G1 Evacuation Pause)
[2024-04-01T15:30:32.534+0000][68][info ][gc,task     ] GC(5) Using 4 workers of 4 for evacuation
[2024-04-01T15:30:32.535+0000][68][debug][gc,age      ] GC(5) Desired survivor size 12582912 bytes, new threshold 15 (max threshold 15)
[2024-04-01T15:30:32.553+0000][68][info ][gc,phases   ] GC(5)   Pre Evacuate Collection Set: 0.17ms
[2024-04-01T15:30:32.554+0000][68][info ][gc,phases   ] GC(5)   Merge Heap Roots: 0.07ms
[2024-04-01T15:30:32.555+0000][68][info ][gc,phases   ] GC(5)   Evacuate Collection Set: 15.43ms
[2024-04-01T15:30:32.556+0000][68][info ][gc,phases   ] GC(5)   Post Evacuate Collection Set: 2.26ms
[2024-04-01T15:30:32.562+0000][68][info ][gc,phases   ] GC(5)   Other: 1.77ms
[2024-04-01T15:30:32.562+0000][68][trace][gc,age      ] GC(5) Age table with threshold 15 (max threshold 15)
[2024-04-01T15:30:32.563+0000][68][trace][gc,age      ] GC(5) - age   1:    5138928 bytes,    5138928 total
[2024-04-01T15:30:32.563+0000][68][trace][gc,age      ] GC(5) - age   2:    1011968 bytes,    6150896 total
[2024-04-01T15:30:32.564+0000][68][trace][gc,age      ] GC(5) - age   3:    2072104 bytes,    8223000 total
[2024-04-01T15:30:32.565+0000][68][info ][gc,heap     ] GC(5) Eden regions: 47->0(73)
[2024-04-01T15:30:32.565+0000][68][info ][gc,heap     ] GC(5) Survivor regions: 1->3(6)
[2024-04-01T15:30:32.566+0000][68][info ][gc,heap     ] GC(5) Old regions: 3->3
[2024-04-01T15:30:32.566+0000][68][info ][gc,heap     ] GC(5) Humongous regions: 0->0
[2024-04-01T15:30:32.567+0000][68][info ][gc,metaspace] GC(5) Metaspace: 27840K(28416K)->27840K(28416K) NonClass: 24680K(25024K)->24680K(25024K) Class: 3160K(3392K)->3160K(3392K)
[2024-04-01T15:30:32.567+0000][68][info ][gc          ] GC(5) Pause Young (Prepare Mixed) (G1 Evacuation Pause) 198M->15M(512M) 34.479ms
[2024-04-01T15:30:32.568+0000][68][info ][gc,cpu      ] GC(5) User=0.07s Sys=0.02s Real=0.03s
[2024-04-01T15:30:32.568+0000][68][info ][safepoint   ] Safepoint "G1CollectForAllocation", Time since last: 10292476 ns, Reaching safepoint: 4907 ns, Cleanup: 8013 ns, At safepoint: 35493259 ns, Total: 35506179 ns
[2024-04-01T15:30:33.365+0000][68][info ][safepoint   ] Safepoint "ICBufferFull", Time since last: 781774216 ns, Reaching safepoint: 8454 ns, Cleanup: 15585560 ns, At safepoint: 16139 ns, Total: 15610153 ns
[2024-04-01T15:30:33.765+0000][68][info ][gc,start    ] GC(6) Pause Young (Mixed) (G1 Evacuation Pause)
[2024-04-01T15:30:33.766+0000][68][info ][gc,task     ] GC(6) Using 4 workers of 4 for evacuation
[2024-04-01T15:30:33.766+0000][68][debug][gc,age      ] GC(6) Desired survivor size 20971520 bytes, new threshold 15 (max threshold 15)
[2024-04-01T15:30:33.783+0000][68][info ][gc,phases   ] GC(6)   Pre Evacuate Collection Set: 0.56ms
[2024-04-01T15:30:33.784+0000][68][info ][gc,phases   ] GC(6)   Merge Heap Roots: 0.31ms
[2024-04-01T15:30:33.784+0000][68][info ][gc,phases   ] GC(6)   Evacuate Collection Set: 13.73ms
[2024-04-01T15:30:33.785+0000][68][info ][gc,phases   ] GC(6)   Post Evacuate Collection Set: 1.73ms
[2024-04-01T15:30:33.785+0000][68][info ][gc,phases   ] GC(6)   Other: 0.99ms
[2024-04-01T15:30:33.786+0000][68][trace][gc,age      ] GC(6) Age table with threshold 15 (max threshold 15)
[2024-04-01T15:30:33.786+0000][68][trace][gc,age      ] GC(6) - age   1:    6343168 bytes,    6343168 total
[2024-04-01T15:30:33.787+0000][68][trace][gc,age      ] GC(6) - age   2:    4845496 bytes,   11188664 total
[2024-04-01T15:30:33.787+0000][68][trace][gc,age      ] GC(6) - age   3:    1011824 bytes,   12200488 total
[2024-04-01T15:30:33.787+0000][68][trace][gc,age      ] GC(6) - age   4:    2071992 bytes,   14272480 total
[2024-04-01T15:30:33.788+0000][68][info ][gc,heap     ] GC(6) Eden regions: 73->0(72)
[2024-04-01T15:30:33.788+0000][68][info ][gc,heap     ] GC(6) Survivor regions: 3->4(10)
[2024-04-01T15:30:33.788+0000][68][info ][gc,heap     ] GC(6) Old regions: 3->2
[2024-04-01T15:30:33.789+0000][68][info ][gc,heap     ] GC(6) Humongous regions: 0->0
[2024-04-01T15:30:33.789+0000][68][info ][gc,metaspace] GC(6) Metaspace: 29435K(30144K)->29435K(30144K) NonClass: 26009K(26432K)->26009K(26432K) Class: 3425K(3712K)->3425K(3712K)
[2024-04-01T15:30:33.790+0000][68][info ][gc          ] GC(6) Pause Young (Mixed) (G1 Evacuation Pause) 307M->22M(512M) 24.316ms
[2024-04-01T15:30:33.790+0000][68][info ][gc,cpu      ] GC(6) User=0.06s Sys=0.01s Real=0.03s
[2024-04-01T15:30:33.791+0000][68][info ][safepoint   ] Safepoint "G1CollectForAllocation", Time since last: 399897177 ns, Reaching safepoint: 4565 ns, Cleanup: 45439 ns, At safepoint: 25240560 ns, Total: 25290564 ns
[2024-04-01T15:30:34.771+0000][68][info ][gc,start    ] GC(7) Pause Young (Normal) (G1 Evacuation Pause)
[2024-04-01T15:30:34.772+0000][68][info ][gc,task     ] GC(7) Using 4 workers of 4 for evacuation
[2024-04-01T15:30:34.773+0000][68][debug][gc,age      ] GC(7) Desired survivor size 20971520 bytes, new threshold 15 (max threshold 15)
[2024-04-01T15:30:34.802+0000][68][info ][gc,phases   ] GC(7)   Pre Evacuate Collection Set: 0.18ms
[2024-04-01T15:30:34.802+0000][68][info ][gc,phases   ] GC(7)   Merge Heap Roots: 0.06ms
[2024-04-01T15:30:34.803+0000][68][info ][gc,phases   ] GC(7)   Evacuate Collection Set: 25.92ms
[2024-04-01T15:30:34.803+0000][68][info ][gc,phases   ] GC(7)   Post Evacuate Collection Set: 1.75ms
[2024-04-01T15:30:34.804+0000][68][info ][gc,phases   ] GC(7)   Other: 1.82ms
[2024-04-01T15:30:34.805+0000][68][trace][gc,age      ] GC(7) Age table with threshold 15 (max threshold 15)
[2024-04-01T15:30:34.805+0000][68][trace][gc,age      ] GC(7) - age   1:    2966104 bytes,    2966104 total
[2024-04-01T15:30:34.806+0000][68][trace][gc,age      ] GC(7) - age   2:    5868400 bytes,    8834504 total
[2024-04-01T15:30:34.807+0000][68][trace][gc,age      ] GC(7) - age   3:    4841416 bytes,   13675920 total
[2024-04-01T15:30:34.807+0000][68][trace][gc,age      ] GC(7) - age   4:    1011616 bytes,   14687536 total
[2024-04-01T15:30:34.808+0000][68][trace][gc,age      ] GC(7) - age   5:    2070856 bytes,   16758392 total
[2024-04-01T15:30:34.809+0000][68][info ][gc,heap     ] GC(7) Eden regions: 72->0(71)
[2024-04-01T15:30:34.809+0000][68][info ][gc,heap     ] GC(7) Survivor regions: 4->5(10)
[2024-04-01T15:30:34.810+0000][68][info ][gc,heap     ] GC(7) Old regions: 2->2
[2024-04-01T15:30:34.810+0000][68][info ][gc,heap     ] GC(7) Humongous regions: 0->0
[2024-04-01T15:30:34.812+0000][68][info ][gc,metaspace] GC(7) Metaspace: 31338K(32128K)->31338K(32128K) NonClass: 27701K(28160K)->27701K(28160K) Class: 3636K(3968K)->3636K(3968K)
[2024-04-01T15:30:34.813+0000][68][info ][gc          ] GC(7) Pause Young (Normal) (G1 Evacuation Pause) 310M->24M(512M) 41.485ms
[2024-04-01T15:30:34.814+0000][68][info ][gc,cpu      ] GC(7) User=0.14s Sys=0.00s Real=0.04s
[2024-04-01T15:30:34.817+0000][68][info ][safepoint   ] Safepoint "G1CollectForAllocation", Time since last: 980506071 ns, Reaching safepoint: 7799 ns, Cleanup: 130376 ns, At safepoint: 45768095 ns, Total: 45906270 ns
[2024-04-01T15:30:35.305+0000][68][info ][gc,start    ] GC(8) Pause Young (Concurrent Start) (Metadata GC Threshold)
[2024-04-01T15:30:35.305+0000][68][info ][gc,task     ] GC(8) Using 4 workers of 4 for evacuation
[2024-04-01T15:30:35.306+0000][68][debug][gc,age      ] GC(8) Desired survivor size 20971520 bytes, new threshold 15 (max threshold 15)
[2024-04-01T15:30:35.325+0000][68][info ][gc,phases   ] GC(8)   Pre Evacuate Collection Set: 0.26ms
[2024-04-01T15:30:35.325+0000][68][info ][gc,phases   ] GC(8)   Merge Heap Roots: 0.23ms
[2024-04-01T15:30:35.326+0000][68][info ][gc,phases   ] GC(8)   Evacuate Collection Set: 16.50ms
[2024-04-01T15:30:35.326+0000][68][info ][gc,phases   ] GC(8)   Post Evacuate Collection Set: 1.39ms
[2024-04-01T15:30:35.327+0000][68][info ][gc,phases   ] GC(8)   Other: 0.97ms
[2024-04-01T15:30:35.327+0000][68][trace][gc,age      ] GC(8) Age table with threshold 15 (max threshold 15)
[2024-04-01T15:30:35.328+0000][68][trace][gc,age      ] GC(8) - age   1:    1679144 bytes,    1679144 total
[2024-04-01T15:30:35.329+0000][68][trace][gc,age      ] GC(8) - age   2:    2919624 bytes,    4598768 total
[2024-04-01T15:30:35.329+0000][68][trace][gc,age      ] GC(8) - age   3:    5868368 bytes,   10467136 total
[2024-04-01T15:30:35.330+0000][68][trace][gc,age      ] GC(8) - age   4:    4841416 bytes,   15308552 total
[2024-04-01T15:30:35.330+0000][68][trace][gc,age      ] GC(8) - age   5:    1011616 bytes,   16320168 total
[2024-04-01T15:30:35.331+0000][68][trace][gc,age      ] GC(8) - age   6:    2070136 bytes,   18390304 total
[2024-04-01T15:30:35.331+0000][68][info ][gc,heap     ] GC(8) Eden regions: 19->0(71)
[2024-04-01T15:30:35.332+0000][68][info ][gc,heap     ] GC(8) Survivor regions: 5->5(10)
[2024-04-01T15:30:35.332+0000][68][info ][gc,heap     ] GC(8) Old regions: 2->2
[2024-04-01T15:30:35.333+0000][68][info ][gc,heap     ] GC(8) Humongous regions: 0->0
[2024-04-01T15:30:35.333+0000][68][info ][gc,metaspace] GC(8) Metaspace: 35319K(36096K)->35319K(36096K) NonClass: 31221K(31680K)->31221K(31680K) Class: 4098K(4416K)->4098K(4416K)
[2024-04-01T15:30:35.333+0000][68][info ][gc          ] GC(8) Pause Young (Concurrent Start) (Metadata GC Threshold) 100M->27M(512M) 28.450ms
[2024-04-01T15:30:35.334+0000][68][info ][gc,cpu      ] GC(8) User=0.05s Sys=0.00s Real=0.03s
[2024-04-01T15:30:35.334+0000][68][info ][gc          ] GC(9) Concurrent Mark Cycle
[2024-04-01T15:30:35.338+0000][68][info ][gc,marking  ] GC(9) Concurrent Scan Root Regions
[2024-04-01T15:30:35.335+0000][68][info ][safepoint   ] Safepoint "CollectForMetadataAllocation", Time since last: 487814840 ns, Reaching safepoint: 5207 ns, Cleanup: 92300 ns, At safepoint: 29971750 ns, Total: 30069257 ns
[2024-04-01T15:30:35.359+0000][68][info ][gc,marking  ] GC(9) Concurrent Scan Root Regions 21.013ms
[2024-04-01T15:30:35.361+0000][68][info ][gc,marking  ] GC(9) Concurrent Mark
[2024-04-01T15:30:35.361+0000][68][info ][gc,marking  ] GC(9) Concurrent Mark From Roots
[2024-04-01T15:30:35.362+0000][68][info ][gc,task     ] GC(9) Using 1 workers of 1 for marking
[2024-04-01T15:30:35.381+0000][68][info ][gc,marking  ] GC(9) Concurrent Mark From Roots 20.212ms
[2024-04-01T15:30:35.382+0000][68][info ][gc,marking  ] GC(9) Concurrent Preclean
[2024-04-01T15:30:35.383+0000][68][info ][gc,marking  ] GC(9) Concurrent Preclean 0.948ms
[2024-04-01T15:30:35.387+0000][68][info ][gc,start    ] GC(9) Pause Remark
[2024-04-01T15:30:35.407+0000][68][info ][gc          ] GC(9) Pause Remark 33M->33M(512M) 19.737ms
[2024-04-01T15:30:35.408+0000][68][info ][gc,cpu      ] GC(9) User=0.05s Sys=0.01s Real=0.02s
[2024-04-01T15:30:35.409+0000][68][info ][safepoint   ] Safepoint "G1PauseRemark", Time since last: 51440952 ns, Reaching safepoint: 784330 ns, Cleanup: 4803 ns, At safepoint: 21475771 ns, Total: 22264904 ns
[2024-04-01T15:30:35.411+0000][68][info ][gc,marking  ] GC(9) Concurrent Mark 50.611ms
[2024-04-01T15:30:35.413+0000][68][info ][gc,marking  ] GC(9) Concurrent Rebuild Remembered Sets and Scrub Regions
[2024-04-01T15:30:35.421+0000][68][info ][gc,marking  ] GC(9) Concurrent Rebuild Remembered Sets and Scrub Regions 8.152ms
[2024-04-01T15:30:35.422+0000][68][info ][gc,start    ] GC(9) Pause Cleanup
[2024-04-01T15:30:35.423+0000][68][info ][gc          ] GC(9) Pause Cleanup 39M->39M(512M) 0.831ms
[2024-04-01T15:30:35.424+0000][68][info ][gc,cpu      ] GC(9) User=0.00s Sys=0.00s Real=0.00s
[2024-04-01T15:30:35.424+0000][68][info ][safepoint   ] Safepoint "G1PauseCleanup", Time since last: 13070140 ns, Reaching safepoint: 378171 ns, Cleanup: 13037 ns, At safepoint: 2230008 ns, Total: 2621216 ns
[2024-04-01T15:30:35.425+0000][68][info ][gc,marking  ] GC(9) Concurrent Clear Claimed Marks
[2024-04-01T15:30:35.425+0000][68][info ][gc,marking  ] GC(9) Concurrent Clear Claimed Marks 0.489ms
[2024-04-01T15:30:35.426+0000][68][info ][gc,marking  ] GC(9) Concurrent Cleanup for Next Mark
[2024-04-01T15:30:35.427+0000][68][info ][gc,marking  ] GC(9) Concurrent Cleanup for Next Mark 1.107ms
[2024-04-01T15:30:35.428+0000][68][info ][gc          ] GC(9) Concurrent Mark Cycle 93.550ms
[2024-04-01T15:30:36.426+0000][68][info ][safepoint   ] Safepoint "Cleanup", Time since last: 1000757521 ns, Reaching safepoint: 957631 ns, Cleanup: 66231 ns, At safepoint: 119164 ns, Total: 1143026 ns
[2024-04-01T15:30:36.615+0000][68][info ][gc,start    ] GC(10) Pause Young (Normal) (G1 Evacuation Pause)
[2024-04-01T15:30:36.617+0000][68][info ][gc,task     ] GC(10) Using 4 workers of 4 for evacuation
[2024-04-01T15:30:36.619+0000][68][debug][gc,age      ] GC(10) Desired survivor size 20971520 bytes, new threshold 15 (max threshold 15)
[2024-04-01T15:30:36.659+0000][68][info ][gc,phases   ] GC(10)   Pre Evacuate Collection Set: 0.96ms
[2024-04-01T15:30:36.661+0000][68][info ][gc,phases   ] GC(10)   Merge Heap Roots: 3.08ms
[2024-04-01T15:30:36.662+0000][68][info ][gc,phases   ] GC(10)   Evacuate Collection Set: 33.23ms
[2024-04-01T15:30:36.662+0000][68][info ][gc,phases   ] GC(10)   Post Evacuate Collection Set: 2.01ms
[2024-04-01T15:30:36.664+0000][68][info ][gc,phases   ] GC(10)   Other: 2.77ms
[2024-04-01T15:30:36.667+0000][68][trace][gc,age      ] GC(10) Age table with threshold 15 (max threshold 15)
[2024-04-01T15:30:36.668+0000][68][trace][gc,age      ] GC(10) - age   1:    4692584 bytes,    4692584 total
[2024-04-01T15:30:36.670+0000][68][trace][gc,age      ] GC(10) - age   2:    1603136 bytes,    6295720 total
[2024-04-01T15:30:36.670+0000][68][trace][gc,age      ] GC(10) - age   3:    2918328 bytes,    9214048 total
[2024-04-01T15:30:36.671+0000][68][trace][gc,age      ] GC(10) - age   4:    5865728 bytes,   15079776 total
[2024-04-01T15:30:36.671+0000][68][trace][gc,age      ] GC(10) - age   5:    4834992 bytes,   19914768 total
[2024-04-01T15:30:36.672+0000][68][trace][gc,age      ] GC(10) - age   6:     992336 bytes,   20907104 total
[2024-04-01T15:30:36.673+0000][68][trace][gc,age      ] GC(10) - age   7:    2063976 bytes,   22971080 total
[2024-04-01T15:30:36.673+0000][68][info ][gc,heap     ] GC(10) Eden regions: 71->0(70)
[2024-04-01T15:30:36.674+0000][68][info ][gc,heap     ] GC(10) Survivor regions: 5->6(10)
[2024-04-01T15:30:36.674+0000][68][info ][gc,heap     ] GC(10) Old regions: 2->2
[2024-04-01T15:30:36.675+0000][68][info ][gc,heap     ] GC(10) Humongous regions: 0->0
[2024-04-01T15:30:36.675+0000][68][info ][gc,metaspace] GC(10) Metaspace: 36814K(37696K)->36814K(37696K) NonClass: 32511K(33024K)->32511K(33024K) Class: 4302K(4672K)->4302K(4672K)
[2024-04-01T15:30:36.676+0000][68][info ][gc          ] GC(10) Pause Young (Normal) (G1 Evacuation Pause) 311M->31M(512M) 60.520ms
[2024-04-01T15:30:36.676+0000][68][info ][gc,cpu      ] GC(10) User=0.08s Sys=0.01s Real=0.06s
[2024-04-01T15:30:36.677+0000][68][info ][safepoint   ] Safepoint "G1CollectForAllocation", Time since last: 189177991 ns, Reaching safepoint: 5269 ns, Cleanup: 20354 ns, At safepoint: 61706336 ns, Total: 61731959 ns
[2024-04-01T15:30:37.659+0000][68][info ][gc,start    ] GC(11) Pause Young (Normal) (G1 Evacuation Pause)
[2024-04-01T15:30:37.660+0000][68][info ][gc,task     ] GC(11) Using 4 workers of 4 for evacuation
[2024-04-01T15:30:37.661+0000][68][debug][gc,age      ] GC(11) Desired survivor size 20971520 bytes, new threshold 7 (max threshold 15)
[2024-04-01T15:30:37.687+0000][68][info ][gc,phases   ] GC(11)   Pre Evacuate Collection Set: 0.20ms
[2024-04-01T15:30:37.688+0000][68][info ][gc,phases   ] GC(11)   Merge Heap Roots: 0.13ms
[2024-04-01T15:30:37.688+0000][68][info ][gc,phases   ] GC(11)   Evacuate Collection Set: 23.09ms
[2024-04-01T15:30:37.689+0000][68][info ][gc,phases   ] GC(11)   Post Evacuate Collection Set: 1.64ms
[2024-04-01T15:30:37.689+0000][68][info ][gc,phases   ] GC(11)   Other: 1.11ms
[2024-04-01T15:30:37.689+0000][68][trace][gc,age      ] GC(11) Age table with threshold 7 (max threshold 15)
[2024-04-01T15:30:37.690+0000][68][trace][gc,age      ] GC(11) - age   1:    3712200 bytes,    3712200 total
[2024-04-01T15:30:37.690+0000][68][trace][gc,age      ] GC(11) - age   2:    4610664 bytes,    8322864 total
[2024-04-01T15:30:37.691+0000][68][trace][gc,age      ] GC(11) - age   3:    1603136 bytes,    9926000 total
[2024-04-01T15:30:37.691+0000][68][trace][gc,age      ] GC(11) - age   4:    2916264 bytes,   12842264 total
[2024-04-01T15:30:37.692+0000][68][trace][gc,age      ] GC(11) - age   5:    5865392 bytes,   18707656 total
[2024-04-01T15:30:37.692+0000][68][trace][gc,age      ] GC(11) - age   6:    4834928 bytes,   23542584 total
[2024-04-01T15:30:37.693+0000][68][trace][gc,age      ] GC(11) - age   7:     992336 bytes,   24534920 total
[2024-04-01T15:30:37.693+0000][68][info ][gc,heap     ] GC(11) Eden regions: 70->0(69)
[2024-04-01T15:30:37.694+0000][68][info ][gc,heap     ] GC(11) Survivor regions: 6->7(10)
[2024-04-01T15:30:37.694+0000][68][info ][gc,heap     ] GC(11) Old regions: 2->3
[2024-04-01T15:30:37.695+0000][68][info ][gc,heap     ] GC(11) Humongous regions: 0->0
[2024-04-01T15:30:37.695+0000][68][info ][gc,metaspace] GC(11) Metaspace: 37468K(38336K)->37468K(38336K) NonClass: 33072K(33600K)->33072K(33600K) Class: 4395K(4736K)->4395K(4736K)
[2024-04-01T15:30:37.696+0000][68][info ][gc          ] GC(11) Pause Young (Normal) (G1 Evacuation Pause) 311M->36M(512M) 36.639ms
[2024-04-01T15:30:37.696+0000][68][info ][gc,cpu      ] GC(11) User=0.10s Sys=0.00s Real=0.03s
[2024-04-01T15:30:37.697+0000][68][info ][safepoint   ] Safepoint "G1CollectForAllocation", Time since last: 982201558 ns, Reaching safepoint: 6295 ns, Cleanup: 27355 ns, At safepoint: 37682831 ns, Total: 37716481 ns
[2024-04-01T15:30:38.704+0000][68][info ][safepoint   ] Safepoint "Cleanup", Time since last: 1007262682 ns, Reaching safepoint: 5665 ns, Cleanup: 56665 ns, At safepoint: 47354 ns, Total: 109684 ns
[2024-04-01T15:30:39.712+0000][68][info ][safepoint   ] Safepoint "Cleanup", Time since last: 1006919513 ns, Reaching safepoint: 887317 ns, Cleanup: 113850 ns, At safepoint: 59842 ns, Total: 1061009 ns
[2024-04-01T15:30:40.499+0000][68][info ][gc,start    ] GC(12) Pause Young (Normal) (G1 Evacuation Pause)
[2024-04-01T15:30:40.500+0000][68][info ][gc,task     ] GC(12) Using 4 workers of 4 for evacuation
[2024-04-01T15:30:40.500+0000][68][debug][gc,age      ] GC(12) Desired survivor size 20971520 bytes, new threshold 6 (max threshold 15)
[2024-04-01T15:30:40.523+0000][68][info ][gc,phases   ] GC(12)   Pre Evacuate Collection Set: 0.35ms
[2024-04-01T15:30:40.523+0000][68][info ][gc,phases   ] GC(12)   Merge Heap Roots: 0.13ms
[2024-04-01T15:30:40.523+0000][68][info ][gc,phases   ] GC(12)   Evacuate Collection Set: 19.85ms
[2024-04-01T15:30:40.524+0000][68][info ][gc,phases   ] GC(12)   Post Evacuate Collection Set: 2.11ms
[2024-04-01T15:30:40.524+0000][68][info ][gc,phases   ] GC(12)   Other: 0.69ms
[2024-04-01T15:30:40.524+0000][68][trace][gc,age      ] GC(12) Age table with threshold 6 (max threshold 15)
[2024-04-01T15:30:40.525+0000][68][trace][gc,age      ] GC(12) - age   1:    4825136 bytes,    4825136 total
[2024-04-01T15:30:40.525+0000][68][trace][gc,age      ] GC(12) - age   2:    3240024 bytes,    8065160 total
[2024-04-01T15:30:40.525+0000][68][trace][gc,age      ] GC(12) - age   3:    4576440 bytes,   12641600 total
[2024-04-01T15:30:40.525+0000][68][trace][gc,age      ] GC(12) - age   4:    1598712 bytes,   14240312 total
[2024-04-01T15:30:40.525+0000][68][trace][gc,age      ] GC(12) - age   5:    2893808 bytes,   17134120 total
[2024-04-01T15:30:40.526+0000][68][trace][gc,age      ] GC(12) - age   6:    5846872 bytes,   22980992 total
[2024-04-01T15:30:40.526+0000][68][info ][gc,heap     ] GC(12) Eden regions: 69->0(69)
[2024-04-01T15:30:40.526+0000][68][info ][gc,heap     ] GC(12) Survivor regions: 7->7(10)
[2024-04-01T15:30:40.526+0000][68][info ][gc,heap     ] GC(12) Old regions: 3->4
[2024-04-01T15:30:40.526+0000][68][info ][gc,heap     ] GC(12) Humongous regions: 0->0
[2024-04-01T15:30:40.526+0000][68][info ][gc,metaspace] GC(12) Metaspace: 48187K(49408K)->48187K(49408K) NonClass: 42416K(43200K)->42416K(43200K) Class: 5771K(6208K)->5771K(6208K)
[2024-04-01T15:30:40.527+0000][68][info ][gc          ] GC(12) Pause Young (Normal) (G1 Evacuation Pause) 312M->40M(512M) 27.454ms
[2024-04-01T15:30:40.527+0000][68][info ][gc,cpu      ] GC(12) User=0.06s Sys=0.00s Real=0.02s
[2024-04-01T15:30:40.527+0000][68][info ][safepoint   ] Safepoint "G1CollectForAllocation", Time since last: 786645067 ns, Reaching safepoint: 4708 ns, Cleanup: 117710 ns, At safepoint: 27982640 ns, Total: 28105058 ns
[2024-04-01T15:30:41.975+0000][68][info ][safepoint   ] Safepoint "Cleanup", Time since last: 1447445090 ns, Reaching safepoint: 584254 ns, Cleanup: 119212 ns, At safepoint: 13908 ns, Total: 717374 ns
[2024-04-01T15:30:42.054+0000][68][info ][gc,start    ] GC(13) Pause Young (Concurrent Start) (Metadata GC Threshold)
[2024-04-01T15:30:42.054+0000][68][info ][gc,task     ] GC(13) Using 4 workers of 4 for evacuation
[2024-04-01T15:30:42.054+0000][68][debug][gc,age      ] GC(13) Desired survivor size 20971520 bytes, new threshold 6 (max threshold 15)
[2024-04-01T15:30:42.083+0000][68][info ][gc,phases   ] GC(13)   Pre Evacuate Collection Set: 0.21ms
[2024-04-01T15:30:42.083+0000][68][info ][gc,phases   ] GC(13)   Merge Heap Roots: 0.06ms
[2024-04-01T15:30:42.083+0000][68][info ][gc,phases   ] GC(13)   Evacuate Collection Set: 24.33ms
[2024-04-01T15:30:42.084+0000][68][info ][gc,phases   ] GC(13)   Post Evacuate Collection Set: 2.99ms
[2024-04-01T15:30:42.084+0000][68][info ][gc,phases   ] GC(13)   Other: 1.09ms
[2024-04-01T15:30:42.084+0000][68][trace][gc,age      ] GC(13) Age table with threshold 6 (max threshold 15)
[2024-04-01T15:30:42.085+0000][68][trace][gc,age      ] GC(13) - age   1:    2321720 bytes,    2321720 total
[2024-04-01T15:30:42.085+0000][68][trace][gc,age      ] GC(13) - age   2:    4636728 bytes,    6958448 total
[2024-04-01T15:30:42.085+0000][68][trace][gc,age      ] GC(13) - age   3:    3238712 bytes,   10197160 total
[2024-04-01T15:30:42.085+0000][68][trace][gc,age      ] GC(13) - age   4:    4569248 bytes,   14766408 total
[2024-04-01T15:30:42.085+0000][68][trace][gc,age      ] GC(13) - age   5:    1596904 bytes,   16363312 total
[2024-04-01T15:30:42.086+0000][68][trace][gc,age      ] GC(13) - age   6:    2893200 bytes,   19256512 total
[2024-04-01T15:30:42.086+0000][68][info ][gc,heap     ] GC(13) Eden regions: 20->0(71)
[2024-04-01T15:30:42.086+0000][68][info ][gc,heap     ] GC(13) Survivor regions: 7->5(10)
[2024-04-01T15:30:42.086+0000][68][info ][gc,heap     ] GC(13) Old regions: 4->6
[2024-04-01T15:30:42.087+0000][68][info ][gc,heap     ] GC(13) Humongous regions: 0->0
[2024-04-01T15:30:42.087+0000][68][info ][gc,metaspace] GC(13) Metaspace: 59277K(60608K)->59277K(60608K) NonClass: 51785K(52544K)->51785K(52544K) Class: 7492K(8064K)->7492K(8064K)
[2024-04-01T15:30:42.087+0000][68][info ][gc          ] GC(13) Pause Young (Concurrent Start) (Metadata GC Threshold) 118M->41M(512M) 33.865ms
[2024-04-01T15:30:42.088+0000][68][info ][gc,cpu      ] GC(13) User=0.10s Sys=0.00s Real=0.03s
[2024-04-01T15:30:42.088+0000][68][info ][gc          ] GC(14) Concurrent Mark Cycle
[2024-04-01T15:30:42.089+0000][68][info ][safepoint   ] Safepoint "CollectForMetadataAllocation", Time since last: 78232944 ns, Reaching safepoint: 6387 ns, Cleanup: 3391 ns, At safepoint: 34954860 ns, Total: 34964638 ns
[2024-04-01T15:30:42.089+0000][68][info ][gc,marking  ] GC(14) Concurrent Scan Root Regions
[2024-04-01T15:30:42.115+0000][68][info ][gc,marking  ] GC(14) Concurrent Scan Root Regions 26.152ms
[2024-04-01T15:30:42.116+0000][68][info ][gc,marking  ] GC(14) Concurrent Mark
[2024-04-01T15:30:42.116+0000][68][info ][gc,marking  ] GC(14) Concurrent Mark From Roots
[2024-04-01T15:30:42.116+0000][68][info ][gc,task     ] GC(14) Using 1 workers of 1 for marking
[2024-04-01T15:30:42.135+0000][68][info ][safepoint   ] Safepoint "CollectForMetadataAllocation", Time since last: 46635264 ns, Reaching safepoint: 19800 ns, Cleanup: 3926 ns, At safepoint: 298564 ns, Total: 322290 ns
[2024-04-01T15:30:42.162+0000][68][info ][gc,marking  ] GC(14) Concurrent Mark From Roots 46.086ms
[2024-04-01T15:30:42.163+0000][68][info ][gc,marking  ] GC(14) Concurrent Preclean
[2024-04-01T15:30:42.163+0000][68][info ][gc,marking  ] GC(14) Concurrent Preclean 0.493ms
[2024-04-01T15:30:42.164+0000][68][info ][gc,start    ] GC(14) Pause Remark
[2024-04-01T15:30:42.176+0000][68][info ][gc          ] GC(14) Pause Remark 45M->45M(512M) 12.178ms
[2024-04-01T15:30:42.177+0000][68][info ][gc,cpu      ] GC(14) User=0.03s Sys=0.01s Real=0.01s
[2024-04-01T15:30:42.177+0000][68][info ][safepoint   ] Safepoint "G1PauseRemark", Time since last: 28105277 ns, Reaching safepoint: 541949 ns, Cleanup: 4973 ns, At safepoint: 12870334 ns, Total: 13417256 ns
[2024-04-01T15:30:42.177+0000][68][info ][gc,marking  ] GC(14) Concurrent Mark 61.586ms
[2024-04-01T15:30:42.178+0000][68][info ][gc,marking  ] GC(14) Concurrent Rebuild Remembered Sets and Scrub Regions
[2024-04-01T15:30:42.198+0000][68][info ][gc,marking  ] GC(14) Concurrent Rebuild Remembered Sets and Scrub Regions 20.738ms
[2024-04-01T15:30:42.200+0000][68][info ][gc,start    ] GC(14) Pause Cleanup
[2024-04-01T15:30:42.201+0000][68][info ][gc          ] GC(14) Pause Cleanup 45M->45M(512M) 0.550ms
[2024-04-01T15:30:42.201+0000][68][info ][gc,cpu      ] GC(14) User=0.00s Sys=0.00s Real=0.00s
[2024-04-01T15:30:42.202+0000][68][info ][safepoint   ] Safepoint "G1PauseCleanup", Time since last: 21800947 ns, Reaching safepoint: 1433213 ns, Cleanup: 14460 ns, At safepoint: 1307002 ns, Total: 2754675 ns
[2024-04-01T15:30:42.202+0000][68][info ][gc,marking  ] GC(14) Concurrent Clear Claimed Marks
[2024-04-01T15:30:42.203+0000][68][info ][gc,marking  ] GC(14) Concurrent Clear Claimed Marks 0.704ms
[2024-04-01T15:30:42.203+0000][68][info ][gc,marking  ] GC(14) Concurrent Cleanup for Next Mark
[2024-04-01T15:30:42.204+0000][68][info ][gc,marking  ] GC(14) Concurrent Cleanup for Next Mark 0.921ms
[2024-04-01T15:30:42.204+0000][68][info ][gc          ] GC(14) Concurrent Mark Cycle 116.539ms
[2024-04-01T15:30:43.783+0000][68][info ][safepoint   ] Safepoint "ICBufferFull", Time since last: 1581396075 ns, Reaching safepoint: 5841 ns, Cleanup: 115978 ns, At safepoint: 51182 ns, Total: 173001 ns
[2024-04-01T15:30:44.786+0000][68][info ][safepoint   ] Safepoint "Cleanup", Time since last: 1001127413 ns, Reaching safepoint: 942328 ns, Cleanup: 52456 ns, At safepoint: 81526 ns, Total: 1076310 ns
[2024-04-01T15:30:45.788+0000][68][info ][safepoint   ] Safepoint "Cleanup", Time since last: 1000803343 ns, Reaching safepoint: 962086 ns, Cleanup: 19008 ns, At safepoint: 13260 ns, Total: 994354 ns
[2024-04-01T15:30:46.436+0000][68][info ][gc,start    ] GC(15) Pause Young (Normal) (G1 Evacuation Pause)
[2024-04-01T15:30:46.438+0000][68][info ][gc,task     ] GC(15) Using 4 workers of 4 for evacuation
[2024-04-01T15:30:46.439+0000][68][debug][gc,age      ] GC(15) Desired survivor size 20971520 bytes, new threshold 15 (max threshold 15)
[2024-04-01T15:30:46.470+0000][68][info ][gc,phases   ] GC(15)   Pre Evacuate Collection Set: 0.53ms
[2024-04-01T15:30:46.470+0000][68][info ][gc,phases   ] GC(15)   Merge Heap Roots: 0.26ms
[2024-04-01T15:30:46.471+0000][68][info ][gc,phases   ] GC(15)   Evacuate Collection Set: 26.60ms
[2024-04-01T15:30:46.471+0000][68][info ][gc,phases   ] GC(15)   Post Evacuate Collection Set: 3.13ms
[2024-04-01T15:30:46.472+0000][68][info ][gc,phases   ] GC(15)   Other: 1.05ms
[2024-04-01T15:30:46.472+0000][68][trace][gc,age      ] GC(15) Age table with threshold 15 (max threshold 15)
[2024-04-01T15:30:46.473+0000][68][trace][gc,age      ] GC(15) - age   1:    7703936 bytes,    7703936 total
[2024-04-01T15:30:46.474+0000][68][trace][gc,age      ] GC(15) - age   2:    2141848 bytes,    9845784 total
[2024-04-01T15:30:46.474+0000][68][trace][gc,age      ] GC(15) - age   3:    4577104 bytes,   14422888 total
[2024-04-01T15:30:46.475+0000][68][trace][gc,age      ] GC(15) - age   4:    3236808 bytes,   17659696 total
[2024-04-01T15:30:46.475+0000][68][trace][gc,age      ] GC(15) - age   5:    4529728 bytes,   22189424 total
[2024-04-01T15:30:46.476+0000][68][trace][gc,age      ] GC(15) - age   6:    1596328 bytes,   23785752 total
[2024-04-01T15:30:46.476+0000][68][trace][gc,age      ] GC(15) - age   7:    2890056 bytes,   26675808 total
[2024-04-01T15:30:46.476+0000][68][info ][gc,heap     ] GC(15) Eden regions: 71->0(69)
[2024-04-01T15:30:46.477+0000][68][info ][gc,heap     ] GC(15) Survivor regions: 5->7(10)
[2024-04-01T15:30:46.477+0000][68][info ][gc,heap     ] GC(15) Old regions: 6->6
[2024-04-01T15:30:46.478+0000][68][info ][gc,heap     ] GC(15) Humongous regions: 0->0
[2024-04-01T15:30:46.478+0000][68][info ][gc,metaspace] GC(15) Metaspace: 68580K(70336K)->68580K(70336K) NonClass: 59533K(60608K)->59533K(60608K) Class: 9046K(9728K)->9046K(9728K)
[2024-04-01T15:30:46.479+0000][68][info ][gc          ] GC(15) Pause Young (Normal) (G1 Evacuation Pause) 325M->48M(512M) 42.239ms
[2024-04-01T15:30:46.479+0000][68][info ][gc,cpu      ] GC(15) User=0.09s Sys=0.00s Real=0.04s
[2024-04-01T15:30:46.480+0000][68][info ][safepoint   ] Safepoint "G1CollectForAllocation", Time since last: 648317300 ns, Reaching safepoint: 4328 ns, Cleanup: 48454 ns, At safepoint: 43162474 ns, Total: 43215256 ns
[2024-04-01T15:30:47.642+0000][68][info ][safepoint   ] Safepoint "Cleanup", Time since last: 1161407896 ns, Reaching safepoint: 1271992 ns, Cleanup: 113701 ns, At safepoint: 95857 ns, Total: 1481550 ns
[2024-04-01T15:30:48.648+0000][68][info ][safepoint   ] Safepoint "Cleanup", Time since last: 1004759048 ns, Reaching safepoint: 794039 ns, Cleanup: 82617 ns, At safepoint: 56038 ns, Total: 932694 ns
[2024-04-01T15:30:49.619+0000][68][info ][gc,start    ] GC(16) Pause Young (Normal) (G1 Evacuation Pause)
[2024-04-01T15:30:49.619+0000][68][info ][gc,task     ] GC(16) Using 4 workers of 4 for evacuation
[2024-04-01T15:30:49.620+0000][68][debug][gc,age      ] GC(16) Desired survivor size 20971520 bytes, new threshold 5 (max threshold 15)
[2024-04-01T15:30:49.655+0000][68][info ][gc,phases   ] GC(16)   Pre Evacuate Collection Set: 0.30ms
[2024-04-01T15:30:49.656+0000][68][info ][gc,phases   ] GC(16)   Merge Heap Roots: 0.38ms
[2024-04-01T15:30:49.656+0000][68][info ][gc,phases   ] GC(16)   Evacuate Collection Set: 32.22ms
[2024-04-01T15:30:49.657+0000][68][info ][gc,phases   ] GC(16)   Post Evacuate Collection Set: 2.09ms
[2024-04-01T15:30:49.657+0000][68][info ][gc,phases   ] GC(16)   Other: 0.99ms
[2024-04-01T15:30:49.657+0000][68][trace][gc,age      ] GC(16) Age table with threshold 5 (max threshold 15)
[2024-04-01T15:30:49.658+0000][68][trace][gc,age      ] GC(16) - age   1:    2459936 bytes,    2459936 total
[2024-04-01T15:30:49.658+0000][68][trace][gc,age      ] GC(16) - age   2:    7550416 bytes,   10010352 total
[2024-04-01T15:30:49.659+0000][68][trace][gc,age      ] GC(16) - age   3:    2133360 bytes,   12143712 total
[2024-04-01T15:30:49.659+0000][68][trace][gc,age      ] GC(16) - age   4:    4546376 bytes,   16690088 total
[2024-04-01T15:30:49.660+0000][68][trace][gc,age      ] GC(16) - age   5:    3234872 bytes,   19924960 total
[2024-04-01T15:30:49.660+0000][68][info ][gc,heap     ] GC(16) Eden regions: 69->0(70)
[2024-04-01T15:30:49.661+0000][68][info ][gc,heap     ] GC(16) Survivor regions: 7->6(10)
[2024-04-01T15:30:49.661+0000][68][info ][gc,heap     ] GC(16) Old regions: 6->8
[2024-04-01T15:30:49.662+0000][68][info ][gc,heap     ] GC(16) Humongous regions: 0->0
[2024-04-01T15:30:49.662+0000][68][info ][gc,metaspace] GC(16) Metaspace: 70628K(72384K)->70628K(72384K) NonClass: 61330K(62336K)->61330K(62336K) Class: 9297K(10048K)->9297K(10048K)
[2024-04-01T15:30:49.663+0000][68][info ][gc          ] GC(16) Pause Young (Normal) (G1 Evacuation Pause) 324M->53M(512M) 43.760ms
[2024-04-01T15:30:49.663+0000][68][info ][gc,cpu      ] GC(16) User=0.12s Sys=0.00s Real=0.05s
[2024-04-01T15:30:49.664+0000][68][info ][safepoint   ] Safepoint "G1CollectForAllocation", Time since last: 970682183 ns, Reaching safepoint: 4292 ns, Cleanup: 2958 ns, At safepoint: 44865628 ns, Total: 44872878 ns
[2024-04-01T15:30:50.734+0000][68][info ][safepoint   ] Safepoint "Cleanup", Time since last: 1070659059 ns, Reaching safepoint: 3473 ns, Cleanup: 142490 ns, At safepoint: 7777 ns, Total: 153740 ns
[2024-04-01T15:30:52.503+0000][68][info ][safepoint   ] Safepoint "ICBufferFull", Time since last: 1767975313 ns, Reaching safepoint: 6933 ns, Cleanup: 149138 ns, At safepoint: 10628 ns, Total: 166699 ns
[2024-04-01T15:30:53.836+0000][68][info ][gc,start    ] GC(17) Pause Young (Concurrent Start) (Metadata GC Threshold)
[2024-04-01T15:30:53.837+0000][68][info ][gc,task     ] GC(17) Using 4 workers of 4 for evacuation
[2024-04-01T15:30:53.838+0000][68][debug][gc,age      ] GC(17) Desired survivor size 20971520 bytes, new threshold 15 (max threshold 15)
[2024-04-01T15:30:53.877+0000][68][info ][gc,phases   ] GC(17)   Pre Evacuate Collection Set: 0.40ms
[2024-04-01T15:30:53.878+0000][68][info ][gc,phases   ] GC(17)   Merge Heap Roots: 0.09ms
[2024-04-01T15:30:53.878+0000][68][info ][gc,phases   ] GC(17)   Evacuate Collection Set: 32.97ms
[2024-04-01T15:30:53.878+0000][68][info ][gc,phases   ] GC(17)   Post Evacuate Collection Set: 5.27ms
[2024-04-01T15:30:53.878+0000][68][info ][gc,phases   ] GC(17)   Other: 1.43ms
[2024-04-01T15:30:53.879+0000][68][trace][gc,age      ] GC(17) Age table with threshold 15 (max threshold 15)
[2024-04-01T15:30:53.879+0000][68][trace][gc,age      ] GC(17) - age   1:   10676704 bytes,   10676704 total
[2024-04-01T15:30:53.879+0000][68][trace][gc,age      ] GC(17) - age   2:    2368712 bytes,   13045416 total
[2024-04-01T15:30:53.879+0000][68][trace][gc,age      ] GC(17) - age   3:    7524304 bytes,   20569720 total
[2024-04-01T15:30:53.880+0000][68][trace][gc,age      ] GC(17) - age   4:    2118072 bytes,   22687792 total
[2024-04-01T15:30:53.880+0000][68][trace][gc,age      ] GC(17) - age   5:    4441232 bytes,   27129024 total
[2024-04-01T15:30:53.880+0000][68][trace][gc,age      ] GC(17) - age   6:    3227584 bytes,   30356608 total
[2024-04-01T15:30:53.881+0000][68][info ][gc,heap     ] GC(17) Eden regions: 66->0(68)
[2024-04-01T15:30:53.881+0000][68][info ][gc,heap     ] GC(17) Survivor regions: 6->8(10)
[2024-04-01T15:30:53.881+0000][68][info ][gc,heap     ] GC(17) Old regions: 8->8
[2024-04-01T15:30:53.882+0000][68][info ][gc,heap     ] GC(17) Humongous regions: 0->0
[2024-04-01T15:30:53.882+0000][68][info ][gc,metaspace] GC(17) Metaspace: 100017K(101888K)->100017K(101888K) NonClass: 86726K(87808K)->86726K(87808K) Class: 13290K(14080K)->13290K(14080K)
[2024-04-01T15:30:53.882+0000][68][info ][gc          ] GC(17) Pause Young (Concurrent Start) (Metadata GC Threshold) 315M->63M(512M) 45.806ms
[2024-04-01T15:30:53.883+0000][68][info ][gc,cpu      ] GC(17) User=0.11s Sys=0.00s Real=0.05s
[2024-04-01T15:30:53.883+0000][68][info ][gc          ] GC(18) Concurrent Mark Cycle
[2024-04-01T15:30:53.884+0000][68][info ][gc,marking  ] GC(18) Concurrent Scan Root Regions
[2024-04-01T15:30:53.888+0000][68][info ][safepoint   ] Safepoint "CollectForMetadataAllocation", Time since last: 1333190664 ns, Reaching safepoint: 441048 ns, Cleanup: 121801 ns, At safepoint: 51349980 ns, Total: 51912829 ns
[2024-04-01T15:30:53.955+0000][68][info ][gc,marking  ] GC(18) Concurrent Scan Root Regions 70.369ms
[2024-04-01T15:30:53.955+0000][68][info ][gc,marking  ] GC(18) Concurrent Mark
[2024-04-01T15:30:53.956+0000][68][info ][gc,marking  ] GC(18) Concurrent Mark From Roots
[2024-04-01T15:30:53.956+0000][68][info ][gc,task     ] GC(18) Using 1 workers of 1 for marking
[2024-04-01T15:30:53.958+0000][68][info ][safepoint   ] Safepoint "CollectForMetadataAllocation", Time since last: 69842997 ns, Reaching safepoint: 165630 ns, Cleanup: 14668 ns, At safepoint: 677299 ns, Total: 857597 ns
[2024-04-01T15:30:54.015+0000][68][info ][safepoint   ] Safepoint "CollectForMetadataAllocation", Time since last: 56052484 ns, Reaching safepoint: 191871 ns, Cleanup: 4175 ns, At safepoint: 801772 ns, Total: 997818 ns
[2024-04-01T15:30:54.022+0000][68][info ][gc,marking  ] GC(18) Concurrent Mark From Roots 66.105ms
[2024-04-01T15:30:54.023+0000][68][info ][gc,marking  ] GC(18) Concurrent Preclean
[2024-04-01T15:30:54.023+0000][68][info ][gc,marking  ] GC(18) Concurrent Preclean 0.605ms
[2024-04-01T15:30:54.024+0000][68][info ][gc,start    ] GC(18) Pause Remark
[2024-04-01T15:30:54.038+0000][68][info ][gc          ] GC(18) Pause Remark 70M->70M(512M) 13.509ms
[2024-04-01T15:30:54.038+0000][68][info ][gc,cpu      ] GC(18) User=0.04s Sys=0.01s Real=0.01s
[2024-04-01T15:30:54.039+0000][68][info ][safepoint   ] Safepoint "G1PauseRemark", Time since last: 8784632 ns, Reaching safepoint: 5762 ns, Cleanup: 3038 ns, At safepoint: 14320768 ns, Total: 14329568 ns
[2024-04-01T15:30:54.039+0000][68][info ][gc,marking  ] GC(18) Concurrent Mark 83.804ms
[2024-04-01T15:30:54.039+0000][68][info ][gc,marking  ] GC(18) Concurrent Rebuild Remembered Sets and Scrub Regions
[2024-04-01T15:30:54.069+0000][68][info ][gc,marking  ] GC(18) Concurrent Rebuild Remembered Sets and Scrub Regions 29.468ms
[2024-04-01T15:30:54.070+0000][68][info ][gc,start    ] GC(18) Pause Cleanup
[2024-04-01T15:30:54.071+0000][68][info ][gc          ] GC(18) Pause Cleanup 70M->70M(512M) 0.694ms
[2024-04-01T15:30:54.071+0000][68][info ][gc,cpu      ] GC(18) User=0.00s Sys=0.00s Real=0.00s
[2024-04-01T15:30:54.072+0000][68][info ][safepoint   ] Safepoint "G1PauseCleanup", Time since last: 30663206 ns, Reaching safepoint: 764278 ns, Cleanup: 20509 ns, At safepoint: 1490803 ns, Total: 2275590 ns
[2024-04-01T15:30:54.072+0000][68][info ][gc,marking  ] GC(18) Concurrent Clear Claimed Marks
[2024-04-01T15:30:54.073+0000][68][info ][gc,marking  ] GC(18) Concurrent Clear Claimed Marks 0.454ms
[2024-04-01T15:30:54.073+0000][68][info ][gc,marking  ] GC(18) Concurrent Cleanup for Next Mark
[2024-04-01T15:30:54.074+0000][68][info ][gc,marking  ] GC(18) Concurrent Cleanup for Next Mark 0.889ms
[2024-04-01T15:30:54.074+0000][68][info ][gc          ] GC(18) Concurrent Mark Cycle 191.718ms
[2024-04-01T15:30:55.256+0000][68][info ][safepoint   ] Safepoint "Cleanup", Time since last: 1181900407 ns, Reaching safepoint: 608130 ns, Cleanup: 549074 ns, At safepoint: 1042282 ns, Total: 2199486 ns
[2024-04-01T15:30:56.391+0000][68][info ][safepoint   ] Safepoint "ICBufferFull", Time since last: 1133450852 ns, Reaching safepoint: 1071783 ns, Cleanup: 301460 ns, At safepoint: 144105 ns, Total: 1517348 ns
[2024-04-01T15:30:57.718+0000][68][info ][safepoint   ] Safepoint "Cleanup", Time since last: 1327574969 ns, Reaching safepoint: 4200 ns, Cleanup: 107981 ns, At safepoint: 3697 ns, Total: 115878 ns
[2024-04-01T15:30:58.491+0000][68][info ][safepoint   ] Safepoint "ICBufferFull", Time since last: 772548518 ns, Reaching safepoint: 8262 ns, Cleanup: 171138 ns, At safepoint: 9600 ns, Total: 189000 ns
[2024-04-01T15:30:59.492+0000][68][info ][safepoint   ] Safepoint "Cleanup", Time since last: 1001149894 ns, Reaching safepoint: 13627 ns, Cleanup: 59324 ns, At safepoint: 7143 ns, Total: 80094 ns
[2024-04-01T15:31:01.495+0000][68][info ][safepoint   ] Safepoint "Cleanup", Time since last: 2003097911 ns, Reaching safepoint: 15881 ns, Cleanup: 18920 ns, At safepoint: 10932 ns, Total: 45733 ns
[2024-04-01T15:31:03.498+0000][68][info ][safepoint   ] Safepoint "Cleanup", Time since last: 2002766724 ns, Reaching safepoint: 43667 ns, Cleanup: 15509 ns, At safepoint: 9833 ns, Total: 69009 ns
[2024-04-01T15:31:11.507+0000][68][info ][safepoint   ] Safepoint "Cleanup", Time since last: 8008810491 ns, Reaching safepoint: 15800 ns, Cleanup: 14195 ns, At safepoint: 9028 ns, Total: 39023 ns
[2024-04-01T15:31:15.511+0000][68][info ][safepoint   ] Safepoint "Cleanup", Time since last: 4005240939 ns, Reaching safepoint: 12076 ns, Cleanup: 11950 ns, At safepoint: 9292 ns, Total: 33318 ns
[2024-04-01T15:31:18.695+0000][68][info ][safepoint   ] Safepoint "Cleanup", Time since last: 3166073574 ns, Reaching safepoint: 16259944 ns, Cleanup: 67523 ns, At safepoint: 1146532 ns, Total: 17473999 ns
[2024-04-01T15:31:19.706+0000][68][info ][safepoint   ] Safepoint "Cleanup", Time since last: 1010597488 ns, Reaching safepoint: 18943 ns, Cleanup: 16967 ns, At safepoint: 11722 ns, Total: 47632 ns
[2024-04-01T15:31:24.491+0000][68][info ][safepoint   ] Safepoint "Cleanup", Time since last: 4785612507 ns, Reaching safepoint: 12268 ns, Cleanup: 51896 ns, At safepoint: 12852 ns, Total: 77016 ns
[2024-04-01T15:31:27.495+0000][68][info ][safepoint   ] Safepoint "Cleanup", Time since last: 3003200724 ns, Reaching safepoint: 16466 ns, Cleanup: 132598 ns, At safepoint: 15380 ns, Total: 164444 ns
[2024-04-01T15:31:29.497+0000][68][info ][safepoint   ] Safepoint "Cleanup", Time since last: 2002502512 ns, Reaching safepoint: 12453 ns, Cleanup: 16769 ns, At safepoint: 10111 ns, Total: 39333 ns
[2024-04-01T15:31:31.500+0000][68][info ][safepoint   ] Safepoint "Cleanup", Time since last: 2003068230 ns, Reaching safepoint: 14923 ns, Cleanup: 17670 ns, At safepoint: 11867 ns, Total: 44460 ns
[2024-04-01T15:31:36.506+0000][68][info ][safepoint   ] Safepoint "Cleanup", Time since last: 5005764594 ns, Reaching safepoint: 56453 ns, Cleanup: 16385 ns, At safepoint: 10429 ns, Total: 83267 ns
[2024-04-01T15:31:37.507+0000][68][info ][safepoint   ] Safepoint "Cleanup", Time since last: 1000998516 ns, Reaching safepoint: 64095 ns, Cleanup: 18385 ns, At safepoint: 245172 ns, Total: 327652 ns
[2024-04-01T15:31:39.510+0000][68][info ][safepoint   ] Safepoint "Cleanup", Time since last: 2002746085 ns, Reaching safepoint: 14983 ns, Cleanup: 14290 ns, At safepoint: 12039 ns, Total: 41312 ns
[2024-04-01T15:31:40.511+0000][68][info ][safepoint   ] Safepoint "Cleanup", Time since last: 1000953399 ns, Reaching safepoint: 62916 ns, Cleanup: 20214 ns, At safepoint: 17020 ns, Total: 100150 ns
[2024-04-01T15:31:43.515+0000][68][info ][safepoint   ] Safepoint "Cleanup", Time since last: 3004064868 ns, Reaching safepoint: 11808 ns, Cleanup: 13449 ns, At safepoint: 8782 ns, Total: 34039 ns
[2024-04-01T15:31:50.527+0000][68][info ][safepoint   ] Safepoint "Cleanup", Time since last: 7010585058 ns, Reaching safepoint: 1090663 ns, Cleanup: 31538 ns, At safepoint: 104414 ns, Total: 1226615 ns
[2024-04-01T15:31:51.531+0000][68][info ][safepoint   ] Safepoint "Cleanup", Time since last: 1004205896 ns, Reaching safepoint: 11206 ns, Cleanup: 33953 ns, At safepoint: 7980 ns, Total: 53139 ns
[2024-04-01T15:31:52.907+0000][68][info ][gc,heap,exit] Heap
[2024-04-01T15:31:52.908+0000][68][info ][gc,heap,exit]  garbage-first heap   total reserved 524288K, committed 524288K, used 286994K [0x00000000e0000000, 0x0000000100000000)
[2024-04-01T15:31:52.908+0000][68][info ][gc,heap,exit]   region size 4096K, 63 young (258048K), 8 survivors (32768K)
[2024-04-01T15:31:52.909+0000][68][info ][gc,heap,exit]  Metaspace       used 124273K, committed 127936K, reserved 1179648K
[2024-04-01T15:31:52.909+0000][68][info ][gc,heap,exit]   class space    used 17485K, committed 19200K, reserved 1048576K
